Archive member included to satisfy reference by file (symbol)

/usr/lib/gcc/arm-none-eabi/7.3.1/thumb/v7-m/libgcc.a(_aeabi_uldivmod.o)
                              app/src/rtos.o (__aeabi_uldivmod)
/usr/lib/gcc/arm-none-eabi/7.3.1/thumb/v7-m/libgcc.a(_udivmoddi4.o)
                              /usr/lib/gcc/arm-none-eabi/7.3.1/thumb/v7-m/libgcc.a(_aeabi_uldivmod.o) (__udivmoddi4)
/usr/lib/gcc/arm-none-eabi/7.3.1/thumb/v7-m/libgcc.a(_dvmd_tls.o)
                              /usr/lib/gcc/arm-none-eabi/7.3.1/thumb/v7-m/libgcc.a(_aeabi_uldivmod.o) (__aeabi_ldiv0)
/usr/lib/gcc/arm-none-eabi/7.3.1/../../../arm-none-eabi/lib/thumb/v7-m/libc.a(lib_a-atexit.o)
                              /usr/lib/gcc/arm-none-eabi/7.3.1/../../../arm-none-eabi/lib/thumb/v7-m/crt0.o (atexit)
/usr/lib/gcc/arm-none-eabi/7.3.1/../../../arm-none-eabi/lib/thumb/v7-m/libc.a(lib_a-exit.o)
                              /usr/lib/gcc/arm-none-eabi/7.3.1/../../../arm-none-eabi/lib/thumb/v7-m/crt0.o (exit)
/usr/lib/gcc/arm-none-eabi/7.3.1/../../../arm-none-eabi/lib/thumb/v7-m/libc.a(lib_a-fini.o)
                              /usr/lib/gcc/arm-none-eabi/7.3.1/../../../arm-none-eabi/lib/thumb/v7-m/crt0.o (__libc_fini_array)
/usr/lib/gcc/arm-none-eabi/7.3.1/../../../arm-none-eabi/lib/thumb/v7-m/libc.a(lib_a-impure.o)
                              /usr/lib/gcc/arm-none-eabi/7.3.1/../../../arm-none-eabi/lib/thumb/v7-m/libc.a(lib_a-exit.o) (_global_impure_ptr)
/usr/lib/gcc/arm-none-eabi/7.3.1/../../../arm-none-eabi/lib/thumb/v7-m/libc.a(lib_a-init.o)
                              /usr/lib/gcc/arm-none-eabi/7.3.1/../../../arm-none-eabi/lib/thumb/v7-m/crt0.o (__libc_init_array)
/usr/lib/gcc/arm-none-eabi/7.3.1/../../../arm-none-eabi/lib/thumb/v7-m/libc.a(lib_a-iprintf.o)
                              asf/sam/drivers/adc/adc.o (iprintf)
/usr/lib/gcc/arm-none-eabi/7.3.1/../../../arm-none-eabi/lib/thumb/v7-m/libc.a(lib_a-memset.o)
                              /usr/lib/gcc/arm-none-eabi/7.3.1/../../../arm-none-eabi/lib/thumb/v7-m/crt0.o (memset)
/usr/lib/gcc/arm-none-eabi/7.3.1/../../../arm-none-eabi/lib/thumb/v7-m/libc.a(lib_a-puts.o)
                              asf/sam/drivers/adc/adc.o (puts)
/usr/lib/gcc/arm-none-eabi/7.3.1/../../../arm-none-eabi/lib/thumb/v7-m/libc.a(lib_a-sprintf.o)
                              app/src/lcd.o (sprintf)
/usr/lib/gcc/arm-none-eabi/7.3.1/../../../arm-none-eabi/lib/thumb/v7-m/libc.a(lib_a-strlen-stub.o)
                              /usr/lib/gcc/arm-none-eabi/7.3.1/../../../arm-none-eabi/lib/thumb/v7-m/libc.a(lib_a-puts.o) (strlen)
/usr/lib/gcc/arm-none-eabi/7.3.1/../../../arm-none-eabi/lib/thumb/v7-m/libc.a(lib_a-svfprintf.o)
                              /usr/lib/gcc/arm-none-eabi/7.3.1/../../../arm-none-eabi/lib/thumb/v7-m/libc.a(lib_a-sprintf.o) (_svfprintf_r)
/usr/lib/gcc/arm-none-eabi/7.3.1/../../../arm-none-eabi/lib/thumb/v7-m/libc.a(lib_a-vfiprintf.o)
                              /usr/lib/gcc/arm-none-eabi/7.3.1/../../../arm-none-eabi/lib/thumb/v7-m/libc.a(lib_a-iprintf.o) (_vfiprintf_r)
/usr/lib/gcc/arm-none-eabi/7.3.1/../../../arm-none-eabi/lib/thumb/v7-m/libc.a(lib_a-wsetup.o)
                              /usr/lib/gcc/arm-none-eabi/7.3.1/../../../arm-none-eabi/lib/thumb/v7-m/libc.a(lib_a-vfiprintf.o) (__swsetup_r)
/usr/lib/gcc/arm-none-eabi/7.3.1/../../../arm-none-eabi/lib/thumb/v7-m/libc.a(lib_a-__atexit.o)
                              /usr/lib/gcc/arm-none-eabi/7.3.1/../../../arm-none-eabi/lib/thumb/v7-m/libc.a(lib_a-atexit.o) (__register_exitproc)
/usr/lib/gcc/arm-none-eabi/7.3.1/../../../arm-none-eabi/lib/thumb/v7-m/libc.a(lib_a-__call_atexit.o)
                              /usr/lib/gcc/arm-none-eabi/7.3.1/../../../arm-none-eabi/lib/thumb/v7-m/libc.a(lib_a-exit.o) (__call_exitprocs)
/usr/lib/gcc/arm-none-eabi/7.3.1/../../../arm-none-eabi/lib/thumb/v7-m/libc.a(lib_a-dtoa.o)
                              /usr/lib/gcc/arm-none-eabi/7.3.1/../../../arm-none-eabi/lib/thumb/v7-m/libc.a(lib_a-svfprintf.o) (_dtoa_r)
/usr/lib/gcc/arm-none-eabi/7.3.1/../../../arm-none-eabi/lib/thumb/v7-m/libc.a(lib_a-fflush.o)
                              /usr/lib/gcc/arm-none-eabi/7.3.1/../../../arm-none-eabi/lib/thumb/v7-m/libc.a(lib_a-vfiprintf.o) (_fflush_r)
/usr/lib/gcc/arm-none-eabi/7.3.1/../../../arm-none-eabi/lib/thumb/v7-m/libc.a(lib_a-findfp.o)
                              /usr/lib/gcc/arm-none-eabi/7.3.1/../../../arm-none-eabi/lib/thumb/v7-m/libc.a(lib_a-puts.o) (__sinit)
/usr/lib/gcc/arm-none-eabi/7.3.1/../../../arm-none-eabi/lib/thumb/v7-m/libc.a(lib_a-fputwc.o)
                              /usr/lib/gcc/arm-none-eabi/7.3.1/../../../arm-none-eabi/lib/thumb/v7-m/libc.a(lib_a-vfiprintf.o) (_fputwc_r)
/usr/lib/gcc/arm-none-eabi/7.3.1/../../../arm-none-eabi/lib/thumb/v7-m/libc.a(lib_a-freer.o)
                              /usr/lib/gcc/arm-none-eabi/7.3.1/../../../arm-none-eabi/lib/thumb/v7-m/libc.a(lib_a-wsetup.o) (_free_r)
[...]
Memory Configuration

Name             Origin             Length             Attributes
rom              0x0000000000080000 0x0000000000080000 xr
sram0            0x0000000020000000 0x0000000000010000 xrw
sram1            0x0000000020080000 0x0000000000008000 xrw
ram              0x0000000020070000 0x0000000000018000 xrw
*default*        0x0000000000000000 0xffffffffffffffff

Linker script and memory map

LOAD /usr/lib/gcc/arm-none-eabi/7.3.1/thumb/v7-m/crti.o
LOAD /usr/lib/gcc/arm-none-eabi/7.3.1/thumb/v7-m/crtbegin.o
LOAD /usr/lib/gcc/arm-none-eabi/7.3.1/../../../arm-none-eabi/lib/thumb/v7-m/crt0.o
                0x0000000000002000                __stack_size__ = DEFINED (__stack_size__)?__stack_size__:0x2000
                0x0000000020087ffc                __ram_end__ = ((ORIGIN (ram) + LENGTH (ram)) - 0x4)

.text           0x0000000000080000     0x79c4
                0x0000000000080000                . = ALIGN (0x4)
                0x0000000000080000                _sfixed = .
 *(.vectors .vectors.*)
 .vectors       0x0000000000080000       0xf4 asf/sam/utils/cmsis/sam3x/source/templates/gcc/startup_sam3x.o
                0x0000000000080000                exception_table
 *(.text .text.* .gnu.linkonce.t.*)
 .text          0x00000000000800f4       0x88 /usr/lib/gcc/arm-none-eabi/7.3.1/thumb/v7-m/crtbegin.o
 .text.NVIC_SetPriority
                0x000000000008017c       0x54 app/src/rtos.o
 .text.rtos_init
                0x00000000000801d0       0xa4 app/src/rtos.o
                0x00000000000801d0                rtos_init
 .text.rtos_enable
                0x0000000000080274       0x1c app/src/rtos.o
                0x0000000000080274                rtos_enable
 .text.SysTick_Handler
                0x0000000000080290       0xbc app/src/rtos.o
                0x0000000000080290                SysTick_Handler
 .text.osc_get_rate
                0x000000000008034c       0x74 app/src/lcd.o
 .text.sysclk_get_main_hz
                0x00000000000803c0       0x18 app/src/lcd.o
 .text.sysclk_get_cpu_hz
                0x00000000000803d8       0x10 app/src/lcd.o
 .text.sysclk_enable_peripheral_clock
                0x00000000000803e8       0x16 app/src/lcd.o
 .text.ioport_init
                0x00000000000803fe       0x20 app/src/lcd.o
 .text.ioport_set_pin_dir
                0x000000000008041e       0x86 app/src/lcd.o
 .text.ioport_set_pin_level
                0x00000000000804a4       0x6a app/src/lcd.o
 .text.ioport_get_pin_level
                0x000000000008050e       0x4e app/src/lcd.o
 *fill*         0x000000000008055c        0x4 
 .text.busy     0x0000000000080560      0x164 app/src/lcd.o
                0x0000000000080560                busy
 *fill*         0x00000000000806c4        0x4 
 .text.lcd_write_high
                0x00000000000806c8       0xf4 app/src/lcd.o
                0x00000000000806c8                lcd_write_high
 *fill*         0x00000000000807bc        0x4 
 .text.lcd_write_low
                0x00000000000807c0       0xfc app/src/lcd.o
                0x00000000000807c0                lcd_write_low
 .text.lcd_write_half_comm
                0x00000000000808bc       0x22 app/src/lcd.o
                0x00000000000808bc                lcd_write_half_comm
 .text.lcd_write_comm
                0x00000000000808de       0x22 app/src/lcd.o
                0x00000000000808de                lcd_write_comm
 .text.lcd_write_data
                0x0000000000080900       0x2a app/src/lcd.o
                0x0000000000080900                lcd_write_data
 *fill*         0x000000000008092a        0x6 
 .text.lcd_init
                0x0000000000080930      0x26c app/src/lcd.o
                0x0000000000080930                lcd_init
 .text.lcd_driver
                0x0000000000080b9c       0x60 app/src/lcd.o
                0x0000000000080b9c                lcd_driver
 .text.ioport_set_pin_level
                0x0000000000080bfc       0x6a app/src/rtos_task.o
 .text.ioport_toggle_pin_level
                0x0000000000080c66       0x6c app/src/rtos_task.o
 *fill*         0x0000000000080cd2        0x2 
 .text.ura_driver
                0x0000000000080cd4       0x3c app/src/rtos_task.o
                0x0000000000080cd4                ura_driver
 .text.text_driver
                0x0000000000080d10      0x140 app/src/rtos_task.o
                0x0000000000080d10                text_driver
 .text.buttons_driver
                0x0000000000080e50       0x7c app/src/rtos_task.o
                0x0000000000080e50                buttons_driver
 .text.led_driver
                0x0000000000080ecc       0xdc app/src/rtos_task.o
                0x0000000000080ecc                led_driver
 .text.sent_driver
                0x0000000000080fa8       0x5c app/src/rtos_task.o
                0x0000000000080fa8                sent_driver
 .text.dma_driver
                0x0000000000081004       0xd8 app/src/rtos_task.o
                0x0000000000081004                dma_driver
 .text.sysclk_enable_peripheral_clock
                0x00000000000810dc       0x16 app/src/bord.o
 .text.ioport_init
                0x00000000000810f2       0x20 app/src/bord.o
 .text.ioport_enable_pin
                0x0000000000081112       0x48 app/src/bord.o
 .text.ioport_set_pin_mode
                0x000000000008115a       0xd8 app/src/bord.o
 .text.ioport_set_pin_dir
                0x0000000000081232       0x86 app/src/bord.o
 .text.ioport_set_pin_level
                0x00000000000812b8       0x6a app/src/bord.o
 .text.ioport_get_pin_level
                0x0000000000081322       0x4e app/src/bord.o
 .text.bord_init
                0x0000000000081370       0xfc app/src/bord.o
                0x0000000000081370                bord_init
 .text.get_button_press
                0x000000000008146c       0xe8 app/src/bord.o
                0x000000000008146c                get_button_press
 .text.NVIC_EnableIRQ
                0x0000000000081554       0x30 app/src/main.o
 .text.main     0x0000000000081584       0x40 app/src/main.o
                0x0000000000081584                main
 .text.sysclk_enable_peripheral_clock
                0x00000000000815c4       0x16 app/src/uart_handler.o
 *fill*         0x00000000000815da        0x2 
 .text.uart_start
                0x00000000000815dc       0xa0 app/src/uart_handler.o
                0x00000000000815dc                uart_start
 .text.fifo_read
                0x000000000008167c       0x72 app/src/fifo.o
                0x000000000008167c                fifo_read
 .text.fifo_write
                0x00000000000816ee       0x9a app/src/fifo.o
                0x00000000000816ee                fifo_write
 .text.SystemCoreClockUpdate
                0x0000000000081788      0x180 asf/sam/utils/cmsis/sam3x/source/templates/system_sam3x.o
                0x0000000000081788                SystemCoreClockUpdate
 .text.Dummy_Handler
                0x0000000000081908        0x6 asf/sam/utils/cmsis/sam3x/source/templates/exceptions.o
                0x0000000000081908                DACC_Handler
                0x0000000000081908                DebugMon_Handler
                0x0000000000081908                DMAC_Handler
                0x0000000000081908                TRNG_Handler
                0x0000000000081908                HardFault_Handler
                0x0000000000081908                TC2_Handler
                0x0000000000081908                USART3_Handler
                0x0000000000081908                TWI1_Handler
                0x0000000000081908                PendSV_Handler
                0x0000000000081908                NMI_Handler
                0x0000000000081908                TC7_Handler
                0x0000000000081908                ADC_Handler
                0x0000000000081908                SMC_Handler
                0x0000000000081908                USART0_Handler
                0x0000000000081908                RTT_Handler
                0x0000000000081908                EFC1_Handler
                0x0000000000081908                PIOB_Handler
                0x0000000000081908                RTC_Handler
                0x0000000000081908                UsageFault_Handler
                0x0000000000081908                TC6_Handler
                0x0000000000081908                WDT_Handler
                0x0000000000081908                CAN0_Handler
                0x0000000000081908                TC4_Handler
                0x0000000000081908                TC1_Handler
                0x0000000000081908                HSMCI_Handler
                0x0000000000081908                TC3_Handler
                0x0000000000081908                Dummy_Handler
                0x0000000000081908                TWI0_Handler
                0x0000000000081908                USART1_Handler
                0x0000000000081908                PIOA_Handler
                0x0000000000081908                SSC_Handler
                0x0000000000081908                EFC0_Handler
                0x0000000000081908                PMC_Handler
                0x0000000000081908                PWM_Handler
                0x0000000000081908                CAN1_Handler
                0x0000000000081908                MemManage_Handler
                0x0000000000081908                SUPC_Handler
                0x0000000000081908                SVC_Handler
                0x0000000000081908                TC8_Handler
                0x0000000000081908                USART2_Handler
                0x0000000000081908                PIOD_Handler
                0x0000000000081908                EMAC_Handler
                0x0000000000081908                UART_Handler
                0x0000000000081908                PIOC_Handler
                0x0000000000081908                BusFault_Handler
                0x0000000000081908                RSTC_Handler
                0x0000000000081908                TC0_Handler
                0x0000000000081908                TC5_Handler
                0x0000000000081908                UOTGHS_Handler
                0x0000000000081908                SPI0_Handler
 *fill*         0x000000000008190e        0x2 
 .text.Reset_Handler
                0x0000000000081910       0xa0 asf/sam/utils/cmsis/sam3x/source/templates/gcc/startup_sam3x.o
                0x0000000000081910                Reset_Handler
 .text.osc_enable
                0x00000000000819b0       0x7c asf/common/services/clock/sam3x/sysclk.o
 .text.osc_is_ready
                0x0000000000081a2c       0x68 asf/common/services/clock/sam3x/sysclk.o
 .text.osc_get_rate
                0x0000000000081a94       0x74 asf/common/services/clock/sam3x/sysclk.o
 .text.osc_wait_ready
                0x0000000000081b08       0x28 asf/common/services/clock/sam3x/sysclk.o
 .text.pll_config_init
                0x0000000000081b30       0x68 asf/common/services/clock/sam3x/sysclk.o
 .text.pll_enable
                0x0000000000081b98       0x3c asf/common/services/clock/sam3x/sysclk.o
 .text.pll_is_locked
                0x0000000000081bd4       0x24 asf/common/services/clock/sam3x/sysclk.o
 .text.pll_enable_source
                0x0000000000081bf8       0x2e asf/common/services/clock/sam3x/sysclk.o
 .text.pll_wait_for_lock
                0x0000000000081c26       0x20 asf/common/services/clock/sam3x/sysclk.o
 .text.sysclk_get_main_hz
                0x0000000000081c46       0x18 asf/common/services/clock/sam3x/sysclk.o
 .text.sysclk_get_cpu_hz
                0x0000000000081c5e       0x10 asf/common/services/clock/sam3x/sysclk.o
 *fill*         0x0000000000081c6e        0x2 
 .text.sysclk_init
                0x0000000000081c70       0x50 asf/common/services/clock/sam3x/sysclk.o
                0x0000000000081c70                sysclk_init
 .text._sbrk    0x0000000000081cc0       0x58 asf/sam/utils/syscalls/gcc/syscalls.o
                0x0000000000081cc0                _sbrk
 .text.pmc_switch_mck_to_pllack
                0x0000000000081d18       0x80 asf/sam/drivers/pmc/pmc.o
                0x0000000000081d18                pmc_switch_mck_to_pllack
 .text.pmc_switch_sclk_to_32kxtal
                0x0000000000081d98       0x38 asf/sam/drivers/pmc/pmc.o
                0x0000000000081d98                pmc_switch_sclk_to_32kxtal
 .text.pmc_osc_is_ready_32kxtal
                0x0000000000081dd0       0x34 asf/sam/drivers/pmc/pmc.o
                0x0000000000081dd0                pmc_osc_is_ready_32kxtal
 .text.pmc_switch_mainck_to_fastrc
                0x0000000000081e04       0x70 asf/sam/drivers/pmc/pmc.o
                0x0000000000081e04                pmc_switch_mainck_to_fastrc
 .text.pmc_switch_mainck_to_xtal
                0x0000000000081e74       0x78 asf/sam/drivers/pmc/pmc.o
                0x0000000000081e74                pmc_switch_mainck_to_xtal
 .text.pmc_osc_is_ready_mainck
                0x0000000000081eec       0x18 asf/sam/drivers/pmc/pmc.o
                0x0000000000081eec                pmc_osc_is_ready_mainck
 .text.pmc_disable_pllack
                0x0000000000081f04       0x18 asf/sam/drivers/pmc/pmc.o
                0x0000000000081f04                pmc_disable_pllack
 .text.pmc_is_locked_pllack
                0x0000000000081f1c       0x18 asf/sam/drivers/pmc/pmc.o
                0x0000000000081f1c                pmc_is_locked_pllack
 .text.pmc_is_locked_upll
                0x0000000000081f34       0x18 asf/sam/drivers/pmc/pmc.o
                0x0000000000081f34                pmc_is_locked_upll
 .text.pmc_enable_periph_clk
                0x0000000000081f4c       0x7c asf/sam/drivers/pmc/pmc.o
                0x0000000000081f4c                pmc_enable_periph_clk
 .text.pio_pull_up
                0x0000000000081fc8       0x2a asf/sam/drivers/pio/pio.o
                0x0000000000081fc8                pio_pull_up
 .text.pio_set_peripheral
                0x0000000000081ff2       0x7e asf/sam/drivers/pio/pio.o
                0x0000000000081ff2                pio_set_peripheral
 .text.uart_init
                0x0000000000082070       0x60 asf/sam/drivers/uart/uart.o
                0x0000000000082070                uart_init
 .text          0x00000000000820d0       0x30 /usr/lib/gcc/arm-none-eabi/7.3.1/thumb/v7-m/libgcc.a(_aeabi_uldivmod.o)
                0x00000000000820d0                __aeabi_uldivmod
 .text          0x0000000000082100      0x2d0 /usr/lib/gcc/arm-none-eabi/7.3.1/thumb/v7-m/libgcc.a(_udivmoddi4.o)
                0x0000000000082100                __udivmoddi4
 .text          0x00000000000823d0        0x4 /usr/lib/gcc/arm-none-eabi/7.3.1/thumb/v7-m/libgcc.a(_dvmd_tls.o)
                0x00000000000823d0                __aeabi_ldiv0
                0x00000000000823d0                __aeabi_idiv0
 .text          0x00000000000823d4        0xc /usr/lib/gcc/arm-none-eabi/7.3.1/../../../arm-none-eabi/lib/thumb/v7-m/libc.a(lib_a-atexit.o)
                0x00000000000823d4                atexit
 .text          0x00000000000823e0       0x34 /usr/lib/gcc/arm-none-eabi/7.3.1/../../../arm-none-eabi/lib/thumb/v7-m/libc.a(lib_a-fini.o)
                0x00000000000823e0                __libc_fini_array
 .text          0x0000000000082414       0x48 /usr/lib/gcc/arm-none-eabi/7.3.1/../../../arm-none-eabi/lib/thumb/v7-m/libc.a(lib_a-init.o)
                0x0000000000082414                __libc_init_array
 .text          0x000000000008245c       0x94 /usr/lib/gcc/arm-none-eabi/7.3.1/../../../arm-none-eabi/lib/thumb/v7-m/libc.a(lib_a-memset.o)
                0x000000000008245c                memset
 .text          0x00000000000824f0       0x80 /usr/lib/gcc/arm-none-eabi/7.3.1/../../../arm-none-eabi/lib/thumb/v7-m/libc.a(lib_a-sprintf.o)
                0x00000000000824f0                _sprintf_r
                0x000000000008252c                sprintf
 .text          0x0000000000082570       0x5c /usr/lib/gcc/arm-none-eabi/7.3.1/../../../arm-none-eabi/lib/thumb/v7-m/libc.a(lib_a-strlen-stub.o)
                0x0000000000082570                strlen
 .text          0x00000000000825cc     0x14e8 /usr/lib/gcc/arm-none-eabi/7.3.1/../../../arm-none-eabi/lib/thumb/v7-m/libc.a(lib_a-svfprintf.o)
                0x00000000000825cc                _svfprintf_r
 .text          0x0000000000083ab4       0x64 /usr/lib/gcc/arm-none-eabi/7.3.1/../../../arm-none-eabi/lib/thumb/v7-m/libc.a(lib_a-__atexit.o)
                0x0000000000083ab4                __register_exitproc
 .text.startup  0x0000000000083b18       0x14 /usr/lib/gcc/arm-none-eabi/7.3.1/../../../arm-none-eabi/lib/thumb/v7-m/libc.a(lib_a-__call_atexit.o)
 *fill*         0x0000000000083b2c        0x4 
 .text          0x0000000000083b30      0xf50 /usr/lib/gcc/arm-none-eabi/7.3.1/../../../arm-none-eabi/lib/thumb/v7-m/libc.a(lib_a-dtoa.o)
                0x0000000000083c54                _dtoa_r
 .text          0x0000000000084a80      0x288 /usr/lib/gcc/arm-none-eabi/7.3.1/../../../arm-none-eabi/lib/thumb/v7-m/libc.a(lib_a-freer.o)
                0x0000000000084a80                _malloc_trim_r
                0x0000000000084b20                _free_r
 .text          0x0000000000084d08       0x14 /usr/lib/gcc/arm-none-eabi/7.3.1/../../../arm-none-eabi/lib/thumb/v7-m/libc.a(lib_a-localeconv.o)
                0x0000000000084d08                __localeconv_l
                0x0000000000084d0c                _localeconv_r
                0x0000000000084d14                localeconv
 .text          0x0000000000084d1c      0x548 /usr/lib/gcc/arm-none-eabi/7.3.1/../../../arm-none-eabi/lib/thumb/v7-m/libc.a(lib_a-mallocr.o)
                0x0000000000084d1c                _malloc_r
 .text          0x0000000000085264       0x40 /usr/lib/gcc/arm-none-eabi/7.3.1/../../../arm-none-eabi/lib/thumb/v7-m/libc.a(lib_a-mbtowc_r.o)
                0x0000000000085264                _mbtowc_r
                0x0000000000085278                __ascii_mbtowc
 .text          0x00000000000852a4       0x8c /usr/lib/gcc/arm-none-eabi/7.3.1/../../../arm-none-eabi/lib/thumb/v7-m/libc.a(lib_a-memchr-stub.o)
                0x00000000000852a4                memchr
 .text          0x0000000000085330       0xec /usr/lib/gcc/arm-none-eabi/7.3.1/../../../arm-none-eabi/lib/thumb/v7-m/libc.a(lib_a-memcpy.o)
                0x0000000000085330                memcpy
 .text          0x000000000008541c       0xc4 /usr/lib/gcc/arm-none-eabi/7.3.1/../../../arm-none-eabi/lib/thumb/v7-m/libc.a(lib_a-memmove.o)
                0x000000000008541c                memmove
 .text          0x00000000000854e0        0x8 /usr/lib/gcc/arm-none-eabi/7.3.1/../../../arm-none-eabi/lib/thumb/v7-m/libc.a(lib_a-mlock.o)
                0x00000000000854e0                __malloc_lock
                0x00000000000854e4                __malloc_unlock
 .text          0x00000000000854e8      0x8e8 /usr/lib/gcc/arm-none-eabi/7.3.1/../../../arm-none-eabi/lib/thumb/v7-m/libc.a(lib_a-mprec.o)
                0x00000000000854e8                _Balloc
                0x0000000000085534                _Bfree
                0x0000000000085548                __multadd
                0x00000000000855cc                __s2b
                0x0000000000085664                __hi0bits
                0x00000000000856a4                __lo0bits
                0x0000000000085704                __i2b
                0x0000000000085718                __multiply
                0x0000000000085864                __pow5mult
                0x0000000000085904                __lshift
                0x00000000000859b8                __mcmp
                0x00000000000859f0                __mdiff
                0x0000000000085af0                __ulp
                0x0000000000085b34                __b2d
                0x0000000000085bf4                __d2b
                0x0000000000085ca4                __ratio
                0x0000000000085cfc                _mprec_log10
                0x0000000000085d34                __copybits
                0x0000000000085d7c                __any_on
 .text          0x0000000000085dd0      0x374 /usr/lib/gcc/arm-none-eabi/7.3.1/../../../arm-none-eabi/lib/thumb/v7-m/libc.a(lib_a-reallocr.o)
                0x0000000000085dd0                _realloc_r
 .text          0x0000000000086144       0x24 /usr/lib/gcc/arm-none-eabi/7.3.1/../../../arm-none-eabi/lib/thumb/v7-m/libc.a(lib_a-sbrkr.o)
                0x0000000000086144                _sbrk_r
 .text          0x0000000000086168      0xb60 /usr/lib/gcc/arm-none-eabi/7.3.1/../../../arm-none-eabi/lib/thumb/v7-m/libc.a(lib_a-svfiprintf.o)
                0x0000000000086168                __ssprint_r
                0x000000000008625c                _svfiprintf_r
 .text          0x0000000000086cc8       0x2c /usr/lib/gcc/arm-none-eabi/7.3.1/../../../arm-none-eabi/lib/thumb/v7-m/libc.a(lib_a-wctomb_r.o)
                0x0000000000086cc8                _wctomb_r
                0x0000000000086cdc                __ascii_wctomb
 .text          0x0000000000086cf4       0x6c /usr/lib/gcc/arm-none-eabi/7.3.1/../../../arm-none-eabi/lib/thumb/v7-m/libc.a(lib_a-callocr.o)
                0x0000000000086cf4                _calloc_r
 .text          0x0000000000086d60      0x378 /usr/lib/gcc/arm-none-eabi/7.3.1/thumb/v7-m/libgcc.a(_arm_addsubdf3.o)
                0x0000000000086d60                __aeabi_drsub
                0x0000000000086d68                __aeabi_dsub
                0x0000000000086d68                __subdf3
                0x0000000000086d6c                __adddf3
                0x0000000000086d6c                __aeabi_dadd
                0x0000000000086fe4                __aeabi_ui2d
                0x0000000000086fe4                __floatunsidf
                0x0000000000087004                __floatsidf
                0x0000000000087004                __aeabi_i2d
                0x0000000000087028                __extendsfdf2
                0x0000000000087028                __aeabi_f2d
                0x000000000008706c                __aeabi_ul2d
                0x000000000008706c                __floatundidf
                0x000000000008707c                __floatdidf
                0x000000000008707c                __aeabi_l2d
 .text          0x00000000000870d8      0x424 /usr/lib/gcc/arm-none-eabi/7.3.1/thumb/v7-m/libgcc.a(_arm_muldivdf3.o)
                0x00000000000870d8                __aeabi_dmul
                0x00000000000870d8                __muldf3
                0x000000000008732c                __aeabi_ddiv
                0x000000000008732c                __divdf3
 .text          0x00000000000874fc      0x110 /usr/lib/gcc/arm-none-eabi/7.3.1/thumb/v7-m/libgcc.a(_arm_cmpdf2.o)
                0x00000000000874fc                __gtdf2
                0x00000000000874fc                __gedf2
                0x0000000000087504                __ltdf2
                0x0000000000087504                __ledf2
                0x000000000008750c                __cmpdf2
                0x000000000008750c                __eqdf2
                0x000000000008750c                __nedf2
                0x0000000000087588                __aeabi_cdrcmple
                0x0000000000087598                __aeabi_cdcmple
                0x0000000000087598                __aeabi_cdcmpeq
                0x00000000000875a8                __aeabi_dcmpeq
                0x00000000000875bc                __aeabi_dcmplt
                0x00000000000875d0                __aeabi_dcmple
                0x00000000000875e4                __aeabi_dcmpge
                0x00000000000875f8                __aeabi_dcmpgt
 .text          0x000000000008760c       0x2c /usr/lib/gcc/arm-none-eabi/7.3.1/thumb/v7-m/libgcc.a(_arm_unorddf2.o)
                0x000000000008760c                __aeabi_dcmpun
                0x000000000008760c                __unorddf2
 .text          0x0000000000087638       0x50 /usr/lib/gcc/arm-none-eabi/7.3.1/thumb/v7-m/libgcc.a(_arm_fixdfsi.o)
                0x0000000000087638                __fixdfsi
                0x0000000000087638                __aeabi_d2iz
 *(.glue_7t)
 .glue_7t       0x0000000000087688        0x0 linker stubs
 *(.glue_7)
 .glue_7        0x0000000000087688        0x0 linker stubs
 *(.rodata .rodata* .gnu.linkonce.r.*)
 .rodata        0x0000000000087688       0x2a app/src/rtos_task.o
 *fill*         0x00000000000876b2        0x2 
 .rodata        0x00000000000876b4        0x4 /usr/lib/gcc/arm-none-eabi/7.3.1/../../../arm-none-eabi/lib/thumb/v7-m/libc.a(lib_a-impure.o)
                0x00000000000876b4                _global_impure_ptr
 .rodata        0x00000000000876b8       0x20 /usr/lib/gcc/arm-none-eabi/7.3.1/../../../arm-none-eabi/lib/thumb/v7-m/libc.a(lib_a-svfprintf.o)
 .rodata.str1.4
                0x00000000000876d8       0x42 /usr/lib/gcc/arm-none-eabi/7.3.1/../../../arm-none-eabi/lib/thumb/v7-m/libc.a(lib_a-svfprintf.o)
 *fill*         0x000000000008771a        0x2 
 .rodata.str1.4
                0x000000000008771c       0x10 /usr/lib/gcc/arm-none-eabi/7.3.1/../../../arm-none-eabi/lib/thumb/v7-m/libc.a(lib_a-dtoa.o)
                                         0x12 (size before relaxing)
 .rodata.str1.4
                0x000000000008772c       0x10 /usr/lib/gcc/arm-none-eabi/7.3.1/../../../arm-none-eabi/lib/thumb/v7-m/libc.a(lib_a-locale.o)
                                         0x12 (size before relaxing)
 *fill*         0x000000000008773c        0x4 
 .rodata        0x0000000000087740      0x128 /usr/lib/gcc/arm-none-eabi/7.3.1/../../../arm-none-eabi/lib/thumb/v7-m/libc.a(lib_a-mprec.o)
                0x0000000000087750                __mprec_tens
                0x0000000000087818                __mprec_tinytens
                0x0000000000087840                __mprec_bigtens
 .rodata        0x0000000000087868       0x20 /usr/lib/gcc/arm-none-eabi/7.3.1/../../../arm-none-eabi/lib/thumb/v7-m/libc.a(lib_a-svfiprintf.o)
 .rodata.str1.4
                0x0000000000087888       0x2f /usr/lib/gcc/arm-none-eabi/7.3.1/../../../arm-none-eabi/lib/thumb/v7-m/libc.a(lib_a-svfiprintf.o)
 .rodata        0x0000000000087888      0x101 /usr/lib/gcc/arm-none-eabi/7.3.1/../../../arm-none-eabi/lib/thumb/v7-m/libc.a(lib_a-ctype_.o)
                0x0000000000087888                _ctype_
 *(.ARM.extab* .gnu.linkonce.armextab.*)
                0x000000000008798c                . = ALIGN (0x4)
 *fill*         0x0000000000087989        0x3 
 *(.init)
 .init          0x000000000008798c        0x4 /usr/lib/gcc/arm-none-eabi/7.3.1/thumb/v7-m/crti.o
                0x000000000008798c                _init
 .init          0x0000000000087990        0x8 /usr/lib/gcc/arm-none-eabi/7.3.1/thumb/v7-m/crtn.o
                0x0000000000087998                . = ALIGN (0x4)
                0x0000000000087998                __preinit_array_start = .
 *(.preinit_array)
                0x0000000000087998                __preinit_array_end = .
                0x0000000000087998                . = ALIGN (0x4)
                0x0000000000087998                __init_array_start = .
 *(SORT_BY_NAME(.init_array.*))
 .init_array.00000
                0x0000000000087998        0x4 /usr/lib/gcc/arm-none-eabi/7.3.1/../../../arm-none-eabi/lib/thumb/v7-m/libc.a(lib_a-__call_atexit.o)
 *(.init_array)
 .init_array    0x000000000008799c        0x4 /usr/lib/gcc/arm-none-eabi/7.3.1/thumb/v7-m/crtbegin.o
                0x00000000000879a0                __init_array_end = .
                0x00000000000879a0                . = ALIGN (0x4)
 *crtbegin.o(.ctors)
 *(EXCLUDE_FILE(*crtend.o) .ctors)
 *(SORT_BY_NAME(.ctors.*))
 *crtend.o(.ctors)
                0x00000000000879a0                . = ALIGN (0x4)
 *(.fini)
 .fini          0x00000000000879a0        0x4 /usr/lib/gcc/arm-none-eabi/7.3.1/thumb/v7-m/crti.o
                0x00000000000879a0                _fini
 .fini          0x00000000000879a4        0x8 /usr/lib/gcc/arm-none-eabi/7.3.1/thumb/v7-m/crtn.o
 *fill*         0x00000000000879ac        0x4 
 .fini.__stub   0x00000000000879b0       0x10 linker stubs
                0x00000000000879c0                . = ALIGN (0x4)
                0x00000000000879c0                __fini_array_start = .
 *(.fini_array)
 .fini_array    0x00000000000879c0        0x4 /usr/lib/gcc/arm-none-eabi/7.3.1/thumb/v7-m/crtbegin.o
 *(SORT_BY_NAME(.fini_array.*))
                0x00000000000879c4                __fini_array_end = .
 *crtbegin.o(.dtors)
 *(EXCLUDE_FILE(*crtend.o) .dtors)
 *(SORT_BY_NAME(.dtors.*))
 *crtend.o(.dtors)
                0x00000000000879c4                . = ALIGN (0x4)
                0x00000000000879c4                _efixed = .
                [!provide]                        PROVIDE (__exidx_start = .)

.vfp11_veneer   0x00000000000879c4        0x0
 .vfp11_veneer  0x00000000000879c4        0x0 linker stubs

.v4_bx          0x00000000000879c4        0x0
 .v4_bx         0x00000000000879c4        0x0 linker stubs

.iplt           0x00000000000879c4        0x0
 .iplt          0x00000000000879c4        0x0 /usr/lib/gcc/arm-none-eabi/7.3.1/thumb/v7-m/crtbegin.o

.ARM.exidx      0x00000000000879c4        0x8
 *(.ARM.exidx* .gnu.linkonce.armexidx.*)
 .ARM.exidx     0x00000000000879c4        0x8 /usr/lib/gcc/arm-none-eabi/7.3.1/thumb/v7-m/libgcc.a(_udivmoddi4.o)
                [!provide]                        PROVIDE (__exidx_end = .)

.eh_frame       0x00000000000879cc        0x0
 .eh_frame      0x00000000000879cc        0x0 /usr/lib/gcc/arm-none-eabi/7.3.1/thumb/v7-m/crtbegin.o

.rel.dyn        0x00000000000879cc        0x0
 .rel.iplt      0x00000000000879cc        0x0 /usr/lib/gcc/arm-none-eabi/7.3.1/thumb/v7-m/crtbegin.o

.tm_clone_table
                0x00000000000879cc        0x0
 .tm_clone_table
                0x00000000000879cc        0x0 /usr/lib/gcc/arm-none-eabi/7.3.1/thumb/v7-m/crtbegin.o
 .tm_clone_table
                0x00000000000879cc        0x0 /usr/lib/gcc/arm-none-eabi/7.3.1/thumb/v7-m/crtend.o

.igot.plt       0x00000000000879cc        0x0
 .igot.plt      0x00000000000879cc        0x0 /usr/lib/gcc/arm-none-eabi/7.3.1/thumb/v7-m/crtbegin.o
                0x00000000000879cc                . = ALIGN (0x4)
                0x00000000000879cc                _etext = .

.relocate       0x0000000020070000      0xc44 load address 0x00000000000879cc
                0x0000000020070000                . = ALIGN (0x4)
                0x0000000020070000                _srelocate = .
 *(.ramfunc .ramfunc.*)
 .ramfunc       0x0000000020070000      0x18c asf/sam/utils/cmsis/sam3x/source/templates/system_sam3x.o
                0x0000000020070000                SystemInit
                0x00000000200700d0                system_init_flash
 .ramfunc       0x000000002007018c        0xa asf/common/services/delay/sam/cycle_counter.o
                0x000000002007018c                portable_delay_cycles
 *(.data .data.*)
 *fill*         0x0000000020070196        0x2 
 .data.lcd_buff
                0x0000000020070198       0x21 app/src/lcd.o
                0x0000000020070198                lcd_buff
 *fill*         0x00000000200701b9        0x3 
 .data.lcd_string
                0x00000000200701bc        0x4 app/src/lcd.o
                0x00000000200701bc                lcd_string
 .data.task_lcd
                0x00000000200701c0       0x18 app/src/rtos_task.o
                0x00000000200701c0                task_lcd
 .data.task_ura
                0x00000000200701d8       0x18 app/src/rtos_task.o
                0x00000000200701d8                task_ura
 .data.task_text
                0x00000000200701f0       0x18 app/src/rtos_task.o
                0x00000000200701f0                task_text
 .data.task_tipke
                0x0000000020070208       0x18 app/src/rtos_task.o
                0x0000000020070208                task_tipke
 .data.task_led
                0x0000000020070220       0x18 app/src/rtos_task.o
                0x0000000020070220                task_led
 .data.task_sent
                0x0000000020070238       0x18 app/src/rtos_task.o
                0x0000000020070238                task_sent
 .data.task_dma
                0x0000000020070250       0x18 app/src/rtos_task.o
                0x0000000020070250                task_dma
 .data.task_list
                0x0000000020070268       0x1c app/src/rtos_task.o
                0x0000000020070268                task_list
 .data.task_priv
                0x0000000020070284        0x4 app/src/rtos_task.o
                0x0000000020070284                task_priv
 .data.keys_fifo
                0x0000000020070288        0xc app/src/fifo.o
                0x0000000020070288                keys_fifo
 .data.SystemCoreClock
                0x0000000020070294        0x4 asf/sam/utils/cmsis/sam3x/source/templates/system_sam3x.o
                0x0000000020070294                SystemCoreClock
 .data          0x0000000020070298      0x430 /usr/lib/gcc/arm-none-eabi/7.3.1/../../../arm-none-eabi/lib/thumb/v7-m/libc.a(lib_a-impure.o)
                0x0000000020070298                _impure_ptr
 .data          0x00000000200706c8      0x16c /usr/lib/gcc/arm-none-eabi/7.3.1/../../../arm-none-eabi/lib/thumb/v7-m/libc.a(lib_a-locale.o)
                0x00000000200706c8                __global_locale
 .data          0x0000000020070834      0x410 /usr/lib/gcc/arm-none-eabi/7.3.1/../../../arm-none-eabi/lib/thumb/v7-m/libc.a(lib_a-mallocr.o)
                0x0000000020070834                __malloc_av_
                0x0000000020070c3c                __malloc_sbrk_base
                0x0000000020070c40                __malloc_trim_threshold
                0x0000000020070c44                . = ALIGN (0x4)
                0x0000000020070c44                _erelocate = .

.bss            0x0000000020070c44      0x154 load address 0x0000000000088610
                0x0000000020070c44                . = ALIGN (0x4)
                0x0000000020070c44                _sbss = .
                0x0000000020070c44                _szero = .
 *(.bss .bss.*)
 .bss           0x0000000020070c44       0x1c /usr/lib/gcc/arm-none-eabi/7.3.1/thumb/v7-m/crtbegin.o
 .bss.tick.8090
                0x0000000020070c60        0x4 app/src/rtos.o
 .bss.idx.8089  0x0000000020070c64        0x1 app/src/rtos.o
 *fill*         0x0000000020070c65        0x3 
 .bss.clk.8144  0x0000000020070c68        0x4 app/src/rtos_task.o
 .bss.position.8148
                0x0000000020070c6c        0x1 app/src/rtos_task.o
 .bss.count.8172
                0x0000000020070c6d        0x1 app/src/rtos_task.o
 .bss.overflow.8182
                0x0000000020070c6e        0x1 app/src/rtos_task.o
 *fill*         0x0000000020070c6f        0x1 
 .bss.old_state.8077
                0x0000000020070c70        0x4 app/src/bord.o
 .bss.heap.5300
                0x0000000020070c74        0x4 asf/sam/utils/syscalls/gcc/syscalls.o
 .bss           0x0000000020070c78       0x34 /usr/lib/gcc/arm-none-eabi/7.3.1/../../../arm-none-eabi/lib/thumb/v7-m/libc.a(lib_a-mallocr.o)
                0x0000000020070c78                __malloc_top_pad
                0x0000000020070c7c                __malloc_current_mallinfo
                0x0000000020070ca4                __malloc_max_sbrked_mem
                0x0000000020070ca8                __malloc_max_total_mem
 *(COMMON)
 COMMON         0x0000000020070cac       0x20 app/src/uart_handler.o
                0x0000000020070cac                memory0
                0x0000000020070cbc                memory1
 COMMON         0x0000000020070ccc       0xc8 app/src/fifo.o
                0x0000000020070ccc                keys_buff
                0x0000000020070d30                sent_buff
 COMMON         0x0000000020070d94        0x4 /usr/lib/gcc/arm-none-eabi/7.3.1/../../../arm-none-eabi/lib/thumb/v7-m/libc.a(lib_a-reent.o)
                0x0000000020070d94                errno
                0x0000000020070d98                . = ALIGN (0x4)
                0x0000000020070d98                _ebss = .
                0x0000000020070d98                _ezero = .

.stack          0x0000000020070d98     0x2000 load address 0x0000000000088764
                0x0000000020070d98                . = ALIGN (0x8)
                0x0000000020070d98                _sstack = .
                0x0000000020072d98                . = (. + __stack_size__)
 *fill*         0x0000000020070d98     0x2000 
                0x0000000020072d98                . = ALIGN (0x8)
                0x0000000020072d98                _estack = .
                0x0000000020072d98                . = ALIGN (0x4)
                0x0000000020072d98                _end = .
LOAD app/src/rtos.o
LOAD app/src/lcd.o
LOAD app/src/rtos_task.o
LOAD app/src/bord.o
LOAD app/src/main.o
LOAD app/src/uart_handler.o
LOAD app/src/fifo.o
LOAD asf/sam/utils/cmsis/sam3x/source/templates/system_sam3x.o
LOAD asf/sam/utils/cmsis/sam3x/source/templates/exceptions.o
LOAD asf/sam/utils/cmsis/sam3x/source/templates/gcc/startup_sam3x.o
LOAD asf/common/services/clock/sam3x/sysclk.o
LOAD asf/sam/utils/syscalls/gcc/syscalls.o
LOAD asf/sam/drivers/pmc/pmc.o
LOAD asf/sam/drivers/pio/pio.o
LOAD asf/common/services/delay/sam/cycle_counter.o
LOAD asf/sam/drivers/adc/adc.o
LOAD asf/sam/drivers/tc/tc.o
LOAD asf/sam/drivers/uart/uart.o
LOAD asf/sam/drivers/pdc/pdc.o
LOAD /usr/lib/gcc/arm-none-eabi/7.3.1/../../../arm-none-eabi/lib/thumb/v7-m/libstdc++.a
LOAD /usr/lib/gcc/arm-none-eabi/7.3.1/../../../arm-none-eabi/lib/thumb/v7-m/libm.a
START GROUP
LOAD /usr/lib/gcc/arm-none-eabi/7.3.1/thumb/v7-m/libgcc.a
LOAD /usr/lib/gcc/arm-none-eabi/7.3.1/../../../arm-none-eabi/lib/thumb/v7-m/libc.a
END GROUP
LOAD /usr/lib/gcc/arm-none-eabi/7.3.1/thumb/v7-m/crtend.o
LOAD /usr/lib/gcc/arm-none-eabi/7.3.1/thumb/v7-m/crtn.o
OUTPUT(uart_dma.elf elf32-littlearm)

.ARM.attributes
                0x0000000000000000       0x29
 .ARM.attributes
                0x0000000000000000       0x1d /usr/lib/gcc/arm-none-eabi/7.3.1/thumb/v7-m/crti.o
 .ARM.attributes
                0x000000000000001d       0x2d /usr/lib/gcc/arm-none-eabi/7.3.1/thumb/v7-m/crtbegin.o
 .ARM.attributes
                0x000000000000004a       0x33 app/src/rtos.o
 .ARM.attributes
                0x000000000000007d       0x33 app/src/lcd.o
 .ARM.attributes
                0x00000000000000b0       0x33 app/src/rtos_task.o
 .ARM.attributes
                0x00000000000000e3       0x33 app/src/bord.o
 .ARM.attributes
                0x0000000000000116       0x33 app/src/main.o
 .ARM.attributes
                0x0000000000000149       0x33 app/src/uart_handler.o
 .ARM.attributes
                0x000000000000017c       0x33 app/src/fifo.o
 .ARM.attributes
                0x00000000000001af       0x33 asf/sam/utils/cmsis/sam3x/source/templates/system_sam3x.o
 .ARM.attributes
                0x00000000000001e2       0x33 asf/sam/utils/cmsis/sam3x/source/templates/exceptions.o
 .ARM.attributes
                0x0000000000000215       0x33 asf/sam/utils/cmsis/sam3x/source/templates/gcc/startup_sam3x.o
 .ARM.attributes
                0x0000000000000248       0x33 asf/common/services/clock/sam3x/sysclk.o
 .ARM.attributes
                0x000000000000027b       0x33 asf/sam/utils/syscalls/gcc/syscalls.o
 .ARM.attributes
                0x00000000000002ae       0x33 asf/sam/drivers/pmc/pmc.o
 .ARM.attributes
                0x00000000000002e1       0x33 asf/sam/drivers/pio/pio.o
 .ARM.attributes
                0x0000000000000314       0x33 asf/common/services/delay/sam/cycle_counter.o
 .ARM.attributes
                0x0000000000000347       0x33 asf/sam/drivers/uart/uart.o
 .ARM.attributes
                0x000000000000037a       0x1d /usr/lib/gcc/arm-none-eabi/7.3.1/thumb/v7-m/libgcc.a(_aeabi_uldivmod.o)
 .ARM.attributes
                0x0000000000000397       0x2d /usr/lib/gcc/arm-none-eabi/7.3.1/thumb/v7-m/libgcc.a(_udivmoddi4.o)
 .ARM.attributes
                0x00000000000003c4       0x1d /usr/lib/gcc/arm-none-eabi/7.3.1/thumb/v7-m/libgcc.a(_dvmd_tls.o)
 .ARM.attributes
                0x00000000000003e1       0x2d /usr/lib/gcc/arm-none-eabi/7.3.1/../../../arm-none-eabi/lib/thumb/v7-m/libc.a(lib_a-atexit.o)
 .ARM.attributes
                0x000000000000040e       0x2d /usr/lib/gcc/arm-none-eabi/7.3.1/../../../arm-none-eabi/lib/thumb/v7-m/libc.a(lib_a-fini.o)
 .ARM.attributes
                0x000000000000043b       0x2d /usr/lib/gcc/arm-none-eabi/7.3.1/../../../arm-none-eabi/lib/thumb/v7-m/libc.a(lib_a-impure.o)
 .ARM.attributes
                0x0000000000000468       0x2d /usr/lib/gcc/arm-none-eabi/7.3.1/../../../arm-none-eabi/lib/thumb/v7-m/libc.a(lib_a-init.o)
 .ARM.attributes
                0x0000000000000495       0x2d /usr/lib/gcc/arm-none-eabi/7.3.1/../../../arm-none-eabi/lib/thumb/v7-m/libc.a(lib_a-memset.o)
 .ARM.attributes
                0x00000000000004c2       0x2d /usr/lib/gcc/arm-none-eabi/7.3.1/../../../arm-none-eabi/lib/thumb/v7-m/libc.a(lib_a-sprintf.o)
 .ARM.attributes
                0x00000000000004ef       0x2d /usr/lib/gcc/arm-none-eabi/7.3.1/../../../arm-none-eabi/lib/thumb/v7-m/libc.a(lib_a-strlen-stub.o)
 .ARM.attributes
                0x000000000000051c       0x2d /usr/lib/gcc/arm-none-eabi/7.3.1/../../../arm-none-eabi/lib/thumb/v7-m/libc.a(lib_a-svfprintf.o)
 .ARM.attributes
                0x0000000000000549       0x2d /usr/lib/gcc/arm-none-eabi/7.3.1/../../../arm-none-eabi/lib/thumb/v7-m/libc.a(lib_a-__atexit.o)
 .ARM.attributes
                0x0000000000000576       0x2d /usr/lib/gcc/arm-none-eabi/7.3.1/../../../arm-none-eabi/lib/thumb/v7-m/libc.a(lib_a-__call_atexit.o)
 .ARM.attributes
                0x00000000000005a3       0x2d /usr/lib/gcc/arm-none-eabi/7.3.1/../../../arm-none-eabi/lib/thumb/v7-m/libc.a(lib_a-dtoa.o)
 .ARM.attributes
                0x00000000000005d0       0x2d /usr/lib/gcc/arm-none-eabi/7.3.1/../../../arm-none-eabi/lib/thumb/v7-m/libc.a(lib_a-freer.o)
 .ARM.attributes
                0x00000000000005fd       0x2d /usr/lib/gcc/arm-none-eabi/7.3.1/../../../arm-none-eabi/lib/thumb/v7-m/libc.a(lib_a-locale.o)
 .ARM.attributes
                0x000000000000062a       0x2d /usr/lib/gcc/arm-none-eabi/7.3.1/../../../arm-none-eabi/lib/thumb/v7-m/libc.a(lib_a-localeconv.o)
 .ARM.attributes
                0x0000000000000657       0x2d /usr/lib/gcc/arm-none-eabi/7.3.1/../../../arm-none-eabi/lib/thumb/v7-m/libc.a(lib_a-mallocr.o)
 .ARM.attributes
                0x0000000000000684       0x2d /usr/lib/gcc/arm-none-eabi/7.3.1/../../../arm-none-eabi/lib/thumb/v7-m/libc.a(lib_a-mbtowc_r.o)
 .ARM.attributes
                0x00000000000006b1       0x2d /usr/lib/gcc/arm-none-eabi/7.3.1/../../../arm-none-eabi/lib/thumb/v7-m/libc.a(lib_a-memchr-stub.o)
 .ARM.attributes
                0x00000000000006de       0x1b /usr/lib/gcc/arm-none-eabi/7.3.1/../../../arm-none-eabi/lib/thumb/v7-m/libc.a(lib_a-memcpy.o)
 .ARM.attributes
                0x00000000000006f9       0x2d /usr/lib/gcc/arm-none-eabi/7.3.1/../../../arm-none-eabi/lib/thumb/v7-m/libc.a(lib_a-memmove.o)
 .ARM.attributes
                0x0000000000000726       0x2d /usr/lib/gcc/arm-none-eabi/7.3.1/../../../arm-none-eabi/lib/thumb/v7-m/libc.a(lib_a-mlock.o)
 .ARM.attributes
                0x0000000000000753       0x2d /usr/lib/gcc/arm-none-eabi/7.3.1/../../../arm-none-eabi/lib/thumb/v7-m/libc.a(lib_a-mprec.o)
 .ARM.attributes
                0x0000000000000780       0x2d /usr/lib/gcc/arm-none-eabi/7.3.1/../../../arm-none-eabi/lib/thumb/v7-m/libc.a(lib_a-reallocr.o)
 .ARM.attributes
                0x00000000000007ad       0x2d /usr/lib/gcc/arm-none-eabi/7.3.1/../../../arm-none-eabi/lib/thumb/v7-m/libc.a(lib_a-sbrkr.o)
 .ARM.attributes
                0x00000000000007da       0x2d /usr/lib/gcc/arm-none-eabi/7.3.1/../../../arm-none-eabi/lib/thumb/v7-m/libc.a(lib_a-svfiprintf.o)
 .ARM.attributes
                0x0000000000000807       0x2d /usr/lib/gcc/arm-none-eabi/7.3.1/../../../arm-none-eabi/lib/thumb/v7-m/libc.a(lib_a-wctomb_r.o)
 .ARM.attributes
                0x0000000000000834       0x2d /usr/lib/gcc/arm-none-eabi/7.3.1/../../../arm-none-eabi/lib/thumb/v7-m/libc.a(lib_a-callocr.o)
 .ARM.attributes
                0x0000000000000861       0x2d /usr/lib/gcc/arm-none-eabi/7.3.1/../../../arm-none-eabi/lib/thumb/v7-m/libc.a(lib_a-ctype_.o)
 .ARM.attributes
                0x000000000000088e       0x2d /usr/lib/gcc/arm-none-eabi/7.3.1/../../../arm-none-eabi/lib/thumb/v7-m/libc.a(lib_a-reent.o)
 .ARM.attributes
                0x00000000000008bb       0x1d /usr/lib/gcc/arm-none-eabi/7.3.1/thumb/v7-m/libgcc.a(_arm_addsubdf3.o)
 .ARM.attributes
                0x00000000000008d8       0x1d /usr/lib/gcc/arm-none-eabi/7.3.1/thumb/v7-m/libgcc.a(_arm_muldivdf3.o)
 .ARM.attributes
                0x00000000000008f5       0x1d /usr/lib/gcc/arm-none-eabi/7.3.1/thumb/v7-m/libgcc.a(_arm_cmpdf2.o)
 .ARM.attributes
                0x0000000000000912       0x1d /usr/lib/gcc/arm-none-eabi/7.3.1/thumb/v7-m/libgcc.a(_arm_unorddf2.o)
 .ARM.attributes
                0x000000000000092f       0x1d /usr/lib/gcc/arm-none-eabi/7.3.1/thumb/v7-m/libgcc.a(_arm_fixdfsi.o)
 .ARM.attributes
                0x000000000000094c       0x2d /usr/lib/gcc/arm-none-eabi/7.3.1/thumb/v7-m/crtend.o
 .ARM.attributes
                0x0000000000000979       0x1d /usr/lib/gcc/arm-none-eabi/7.3.1/thumb/v7-m/crtn.o

.comment        0x0000000000000000       0xae
 .comment       0x0000000000000000       0x57 /usr/lib/gcc/arm-none-eabi/7.3.1/thumb/v7-m/crtbegin.o
                                         0x58 (size before relaxing)
 .comment       0x0000000000000057       0x58 app/src/rtos.o
 .comment       0x0000000000000057       0x58 app/src/lcd.o
 .comment       0x0000000000000057       0x58 app/src/rtos_task.o
 .comment       0x0000000000000057       0x58 app/src/bord.o
 .comment       0x0000000000000057       0x58 app/src/main.o
 .comment       0x0000000000000057       0x58 app/src/uart_handler.o
 .comment       0x0000000000000057       0x58 app/src/fifo.o
 .comment       0x0000000000000057       0x58 asf/sam/utils/cmsis/sam3x/source/templates/system_sam3x.o
 .comment       0x0000000000000057       0x58 asf/sam/utils/cmsis/sam3x/source/templates/exceptions.o
 .comment       0x0000000000000057       0x58 asf/sam/utils/cmsis/sam3x/source/templates/gcc/startup_sam3x.o
 .comment       0x0000000000000057       0x58 asf/common/services/clock/sam3x/sysclk.o
 .comment       0x0000000000000057       0x58 asf/sam/utils/syscalls/gcc/syscalls.o
 .comment       0x0000000000000057       0x58 asf/sam/drivers/pmc/pmc.o
 .comment       0x0000000000000057       0x58 asf/sam/drivers/pio/pio.o
 .comment       0x0000000000000057       0x58 asf/common/services/delay/sam/cycle_counter.o
 .comment       0x0000000000000057       0x58 asf/sam/drivers/uart/uart.o
 .comment       0x0000000000000057       0x58 /usr/lib/gcc/arm-none-eabi/7.3.1/thumb/v7-m/libgcc.a(_udivmoddi4.o)
 .comment       0x0000000000000057       0x57 /usr/lib/gcc/arm-none-eabi/7.3.1/../../../arm-none-eabi/lib/thumb/v7-m/libc.a(lib_a-atexit.o)
                                         0x58 (size before relaxing)
 .comment       0x00000000000000ae       0x58 /usr/lib/gcc/arm-none-eabi/7.3.1/../../../arm-none-eabi/lib/thumb/v7-m/libc.a(lib_a-fini.o)
 .comment       0x00000000000000ae       0x58 /usr/lib/gcc/arm-none-eabi/7.3.1/../../../arm-none-eabi/lib/thumb/v7-m/libc.a(lib_a-impure.o)
 .comment       0x00000000000000ae       0x58 /usr/lib/gcc/arm-none-eabi/7.3.1/../../../arm-none-eabi/lib/thumb/v7-m/libc.a(lib_a-init.o)
 .comment       0x00000000000000ae       0x58 /usr/lib/gcc/arm-none-eabi/7.3.1/../../../arm-none-eabi/lib/thumb/v7-m/libc.a(lib_a-memset.o)
 .comment       0x00000000000000ae       0x58 /usr/lib/gcc/arm-none-eabi/7.3.1/../../../arm-none-eabi/lib/thumb/v7-m/libc.a(lib_a-sprintf.o)
 .comment       0x00000000000000ae       0x58 /usr/lib/gcc/arm-none-eabi/7.3.1/../../../arm-none-eabi/lib/thumb/v7-m/libc.a(lib_a-strlen-stub.o)
 .comment       0x00000000000000ae       0x58 /usr/lib/gcc/arm-none-eabi/7.3.1/../../../arm-none-eabi/lib/thumb/v7-m/libc.a(lib_a-svfprintf.o)
 .comment       0x00000000000000ae       0x58 /usr/lib/gcc/arm-none-eabi/7.3.1/../../../arm-none-eabi/lib/thumb/v7-m/libc.a(lib_a-__atexit.o)
 .comment       0x00000000000000ae       0x58 /usr/lib/gcc/arm-none-eabi/7.3.1/../../../arm-none-eabi/lib/thumb/v7-m/libc.a(lib_a-__call_atexit.o)
 .comment       0x00000000000000ae       0x58 /usr/lib/gcc/arm-none-eabi/7.3.1/../../../arm-none-eabi/lib/thumb/v7-m/libc.a(lib_a-dtoa.o)
 .comment       0x00000000000000ae       0x58 /usr/lib/gcc/arm-none-eabi/7.3.1/../../../arm-none-eabi/lib/thumb/v7-m/libc.a(lib_a-freer.o)
 .comment       0x00000000000000ae       0x58 /usr/lib/gcc/arm-none-eabi/7.3.1/../../../arm-none-eabi/lib/thumb/v7-m/libc.a(lib_a-locale.o)
 .comment       0x00000000000000ae       0x58 /usr/lib/gcc/arm-none-eabi/7.3.1/../../../arm-none-eabi/lib/thumb/v7-m/libc.a(lib_a-localeconv.o)
 .comment       0x00000000000000ae       0x58 /usr/lib/gcc/arm-none-eabi/7.3.1/../../../arm-none-eabi/lib/thumb/v7-m/libc.a(lib_a-mallocr.o)
 .comment       0x00000000000000ae       0x58 /usr/lib/gcc/arm-none-eabi/7.3.1/../../../arm-none-eabi/lib/thumb/v7-m/libc.a(lib_a-mbtowc_r.o)
 .comment       0x00000000000000ae       0x58 /usr/lib/gcc/arm-none-eabi/7.3.1/../../../arm-none-eabi/lib/thumb/v7-m/libc.a(lib_a-memchr-stub.o)
 .comment       0x00000000000000ae       0x58 /usr/lib/gcc/arm-none-eabi/7.3.1/../../../arm-none-eabi/lib/thumb/v7-m/libc.a(lib_a-memmove.o)
 .comment       0x00000000000000ae       0x58 /usr/lib/gcc/arm-none-eabi/7.3.1/../../../arm-none-eabi/lib/thumb/v7-m/libc.a(lib_a-mlock.o)
 .comment       0x00000000000000ae       0x58 /usr/lib/gcc/arm-none-eabi/7.3.1/../../../arm-none-eabi/lib/thumb/v7-m/libc.a(lib_a-mprec.o)
 .comment       0x00000000000000ae       0x58 /usr/lib/gcc/arm-none-eabi/7.3.1/../../../arm-none-eabi/lib/thumb/v7-m/libc.a(lib_a-reallocr.o)
 .comment       0x00000000000000ae       0x58 /usr/lib/gcc/arm-none-eabi/7.3.1/../../../arm-none-eabi/lib/thumb/v7-m/libc.a(lib_a-sbrkr.o)
 .comment       0x00000000000000ae       0x58 /usr/lib/gcc/arm-none-eabi/7.3.1/../../../arm-none-eabi/lib/thumb/v7-m/libc.a(lib_a-svfiprintf.o)
 .comment       0x00000000000000ae       0x58 /usr/lib/gcc/arm-none-eabi/7.3.1/../../../arm-none-eabi/lib/thumb/v7-m/libc.a(lib_a-wctomb_r.o)
 .comment       0x00000000000000ae       0x58 /usr/lib/gcc/arm-none-eabi/7.3.1/../../../arm-none-eabi/lib/thumb/v7-m/libc.a(lib_a-callocr.o)
 .comment       0x00000000000000ae       0x58 /usr/lib/gcc/arm-none-eabi/7.3.1/../../../arm-none-eabi/lib/thumb/v7-m/libc.a(lib_a-ctype_.o)
 .comment       0x00000000000000ae       0x58 /usr/lib/gcc/arm-none-eabi/7.3.1/../../../arm-none-eabi/lib/thumb/v7-m/libc.a(lib_a-reent.o)
 .comment       0x00000000000000ae       0x58 /usr/lib/gcc/arm-none-eabi/7.3.1/thumb/v7-m/crtend.o

.debug_info     0x0000000000000000    0x269c8
 .debug_info    0x0000000000000000      0xf10 app/src/rtos.o
 .debug_info    0x0000000000000f10     0x1310 app/src/lcd.o
 .debug_info    0x0000000000002220     0x12df app/src/rtos_task.o
 .debug_info    0x00000000000034ff     0x19f2 app/src/bord.o
 .debug_info    0x0000000000004ef1      0xcc7 app/src/main.o
 .debug_info    0x0000000000005bb8      0xfad app/src/uart_handler.o
 .debug_info    0x0000000000006b65      0xaf9 app/src/fifo.o
 .debug_info    0x000000000000765e      0xc60 asf/sam/utils/cmsis/sam3x/source/templates/system_sam3x.o
 .debug_info    0x00000000000082be      0x937 asf/sam/utils/cmsis/sam3x/source/templates/exceptions.o
 .debug_info    0x0000000000008bf5      0xbac asf/sam/utils/cmsis/sam3x/source/templates/gcc/startup_sam3x.o
 .debug_info    0x00000000000097a1      0xe45 asf/common/services/clock/sam3x/sysclk.o
 .debug_info    0x000000000000a5e6      0xc75 asf/sam/utils/syscalls/gcc/syscalls.o
 .debug_info    0x000000000000b25b     0x16e0 asf/sam/drivers/pmc/pmc.o
 .debug_info    0x000000000000c93b     0x1577 asf/sam/drivers/pio/pio.o
 .debug_info    0x000000000000deb2      0x943 asf/common/services/delay/sam/cycle_counter.o
 .debug_info    0x000000000000e7f5      0xff9 asf/sam/drivers/uart/uart.o
 .debug_info    0x000000000000f7ee       0x26 /usr/lib/gcc/arm-none-eabi/7.3.1/thumb/v7-m/libgcc.a(_aeabi_uldivmod.o)
 .debug_info    0x000000000000f814      0xd0b /usr/lib/gcc/arm-none-eabi/7.3.1/thumb/v7-m/libgcc.a(_udivmoddi4.o)
 .debug_info    0x000000000001051f       0x26 /usr/lib/gcc/arm-none-eabi/7.3.1/thumb/v7-m/libgcc.a(_dvmd_tls.o)
 .debug_info    0x0000000000010545      0x90c /usr/lib/gcc/arm-none-eabi/7.3.1/../../../arm-none-eabi/lib/thumb/v7-m/libc.a(lib_a-atexit.o)
 .debug_info    0x0000000000010e51       0xf3 /usr/lib/gcc/arm-none-eabi/7.3.1/../../../arm-none-eabi/lib/thumb/v7-m/libc.a(lib_a-fini.o)
 .debug_info    0x0000000000010f44      0x8a9 /usr/lib/gcc/arm-none-eabi/7.3.1/../../../arm-none-eabi/lib/thumb/v7-m/libc.a(lib_a-impure.o)
 .debug_info    0x00000000000117ed      0x109 /usr/lib/gcc/arm-none-eabi/7.3.1/../../../arm-none-eabi/lib/thumb/v7-m/libc.a(lib_a-init.o)
 .debug_info    0x00000000000118f6      0xe22 /usr/lib/gcc/arm-none-eabi/7.3.1/../../../arm-none-eabi/lib/thumb/v7-m/libc.a(lib_a-memset.o)
 .debug_info    0x0000000000012718      0xbd7 /usr/lib/gcc/arm-none-eabi/7.3.1/../../../arm-none-eabi/lib/thumb/v7-m/libc.a(lib_a-sprintf.o)
 .debug_info    0x00000000000132ef      0x8ba /usr/lib/gcc/arm-none-eabi/7.3.1/../../../arm-none-eabi/lib/thumb/v7-m/libc.a(lib_a-strlen-stub.o)
 .debug_info    0x0000000000013ba9     0x1d1b /usr/lib/gcc/arm-none-eabi/7.3.1/../../../arm-none-eabi/lib/thumb/v7-m/libc.a(lib_a-svfprintf.o)
 .debug_info    0x00000000000158c4      0x937 /usr/lib/gcc/arm-none-eabi/7.3.1/../../../arm-none-eabi/lib/thumb/v7-m/libc.a(lib_a-__atexit.o)
 .debug_info    0x00000000000161fb      0x993 /usr/lib/gcc/arm-none-eabi/7.3.1/../../../arm-none-eabi/lib/thumb/v7-m/libc.a(lib_a-__call_atexit.o)
 .debug_info    0x0000000000016b8e     0x1810 /usr/lib/gcc/arm-none-eabi/7.3.1/../../../arm-none-eabi/lib/thumb/v7-m/libc.a(lib_a-dtoa.o)
 .debug_info    0x000000000001839e      0xcc2 /usr/lib/gcc/arm-none-eabi/7.3.1/../../../arm-none-eabi/lib/thumb/v7-m/libc.a(lib_a-freer.o)
 .debug_info    0x0000000000019060      0xfb1 /usr/lib/gcc/arm-none-eabi/7.3.1/../../../arm-none-eabi/lib/thumb/v7-m/libc.a(lib_a-locale.o)
 .debug_info    0x000000000001a011      0xe59 /usr/lib/gcc/arm-none-eabi/7.3.1/../../../arm-none-eabi/lib/thumb/v7-m/libc.a(lib_a-localeconv.o)
 .debug_info    0x000000000001ae6a      0xdfd /usr/lib/gcc/arm-none-eabi/7.3.1/../../../arm-none-eabi/lib/thumb/v7-m/libc.a(lib_a-mallocr.o)
 .debug_info    0x000000000001bc67      0xf29 /usr/lib/gcc/arm-none-eabi/7.3.1/../../../arm-none-eabi/lib/thumb/v7-m/libc.a(lib_a-mbtowc_r.o)
 .debug_info    0x000000000001cb90      0x939 /usr/lib/gcc/arm-none-eabi/7.3.1/../../../arm-none-eabi/lib/thumb/v7-m/libc.a(lib_a-memchr-stub.o)
 .debug_info    0x000000000001d4c9       0x26 /usr/lib/gcc/arm-none-eabi/7.3.1/../../../arm-none-eabi/lib/thumb/v7-m/libc.a(lib_a-memcpy.o)
 .debug_info    0x000000000001d4ef      0xe31 /usr/lib/gcc/arm-none-eabi/7.3.1/../../../arm-none-eabi/lib/thumb/v7-m/libc.a(lib_a-memmove.o)
 .debug_info    0x000000000001e320      0x8dc /usr/lib/gcc/arm-none-eabi/7.3.1/../../../arm-none-eabi/lib/thumb/v7-m/libc.a(lib_a-mlock.o)
 .debug_info    0x000000000001ebfc     0x1c4f /usr/lib/gcc/arm-none-eabi/7.3.1/../../../arm-none-eabi/lib/thumb/v7-m/libc.a(lib_a-mprec.o)
 .debug_info    0x000000000002084b      0xdd7 /usr/lib/gcc/arm-none-eabi/7.3.1/../../../arm-none-eabi/lib/thumb/v7-m/libc.a(lib_a-reallocr.o)
 .debug_info    0x0000000000021622      0x95f /usr/lib/gcc/arm-none-eabi/7.3.1/../../../arm-none-eabi/lib/thumb/v7-m/libc.a(lib_a-sbrkr.o)
 .debug_info    0x0000000000021f81     0x1754 /usr/lib/gcc/arm-none-eabi/7.3.1/../../../arm-none-eabi/lib/thumb/v7-m/libc.a(lib_a-svfiprintf.o)
 .debug_info    0x00000000000236d5      0xef5 /usr/lib/gcc/arm-none-eabi/7.3.1/../../../arm-none-eabi/lib/thumb/v7-m/libc.a(lib_a-wctomb_r.o)
 .debug_info    0x00000000000245ca      0xb5d /usr/lib/gcc/arm-none-eabi/7.3.1/../../../arm-none-eabi/lib/thumb/v7-m/libc.a(lib_a-callocr.o)
 .debug_info    0x0000000000025127      0xdb6 /usr/lib/gcc/arm-none-eabi/7.3.1/../../../arm-none-eabi/lib/thumb/v7-m/libc.a(lib_a-ctype_.o)
 .debug_info    0x0000000000025edd      0xa2d /usr/lib/gcc/arm-none-eabi/7.3.1/../../../arm-none-eabi/lib/thumb/v7-m/libc.a(lib_a-reent.o)
 .debug_info    0x000000000002690a       0x26 /usr/lib/gcc/arm-none-eabi/7.3.1/thumb/v7-m/libgcc.a(_arm_addsubdf3.o)
 .debug_info    0x0000000000026930       0x26 /usr/lib/gcc/arm-none-eabi/7.3.1/thumb/v7-m/libgcc.a(_arm_muldivdf3.o)
 .debug_info    0x0000000000026956       0x26 /usr/lib/gcc/arm-none-eabi/7.3.1/thumb/v7-m/libgcc.a(_arm_cmpdf2.o)
 .debug_info    0x000000000002697c       0x26 /usr/lib/gcc/arm-none-eabi/7.3.1/thumb/v7-m/libgcc.a(_arm_unorddf2.o)
 .debug_info    0x00000000000269a2       0x26 /usr/lib/gcc/arm-none-eabi/7.3.1/thumb/v7-m/libgcc.a(_arm_fixdfsi.o)

.debug_abbrev   0x0000000000000000     0x6727
 .debug_abbrev  0x0000000000000000      0x297 app/src/rtos.o
 .debug_abbrev  0x0000000000000297      0x439 app/src/lcd.o
 .debug_abbrev  0x00000000000006d0      0x319 app/src/rtos_task.o
 .debug_abbrev  0x00000000000009e9      0x403 app/src/bord.o
 .debug_abbrev  0x0000000000000dec      0x23e app/src/main.o
 .debug_abbrev  0x000000000000102a      0x237 app/src/uart_handler.o
 .debug_abbrev  0x0000000000001261      0x21c app/src/fifo.o
 .debug_abbrev  0x000000000000147d      0x210 asf/sam/utils/cmsis/sam3x/source/templates/system_sam3x.o
 .debug_abbrev  0x000000000000168d      0x1c0 asf/sam/utils/cmsis/sam3x/source/templates/exceptions.o
 .debug_abbrev  0x000000000000184d      0x1e2 asf/sam/utils/cmsis/sam3x/source/templates/gcc/startup_sam3x.o
 .debug_abbrev  0x0000000000001a2f      0x2fb asf/common/services/clock/sam3x/sysclk.o
 .debug_abbrev  0x0000000000001d2a      0x246 asf/sam/utils/syscalls/gcc/syscalls.o
 .debug_abbrev  0x0000000000001f70      0x2e3 asf/sam/drivers/pmc/pmc.o
 .debug_abbrev  0x0000000000002253      0x2c1 asf/sam/drivers/pio/pio.o
 .debug_abbrev  0x0000000000002514      0x1cf asf/common/services/delay/sam/cycle_counter.o
 .debug_abbrev  0x00000000000026e3      0x26a asf/sam/drivers/uart/uart.o
 .debug_abbrev  0x000000000000294d       0x14 /usr/lib/gcc/arm-none-eabi/7.3.1/thumb/v7-m/libgcc.a(_aeabi_uldivmod.o)
 .debug_abbrev  0x0000000000002961      0x199 /usr/lib/gcc/arm-none-eabi/7.3.1/thumb/v7-m/libgcc.a(_udivmoddi4.o)
 .debug_abbrev  0x0000000000002afa       0x14 /usr/lib/gcc/arm-none-eabi/7.3.1/thumb/v7-m/libgcc.a(_dvmd_tls.o)
 .debug_abbrev  0x0000000000002b0e      0x201 /usr/lib/gcc/arm-none-eabi/7.3.1/../../../arm-none-eabi/lib/thumb/v7-m/libc.a(lib_a-atexit.o)
 .debug_abbrev  0x0000000000002d0f       0xbd /usr/lib/gcc/arm-none-eabi/7.3.1/../../../arm-none-eabi/lib/thumb/v7-m/libc.a(lib_a-fini.o)
 .debug_abbrev  0x0000000000002dcc      0x192 /usr/lib/gcc/arm-none-eabi/7.3.1/../../../arm-none-eabi/lib/thumb/v7-m/libc.a(lib_a-impure.o)
 .debug_abbrev  0x0000000000002f5e       0xba /usr/lib/gcc/arm-none-eabi/7.3.1/../../../arm-none-eabi/lib/thumb/v7-m/libc.a(lib_a-init.o)
 .debug_abbrev  0x0000000000003018      0x1de /usr/lib/gcc/arm-none-eabi/7.3.1/../../../arm-none-eabi/lib/thumb/v7-m/libc.a(lib_a-memset.o)
 .debug_abbrev  0x00000000000031f6      0x258 /usr/lib/gcc/arm-none-eabi/7.3.1/../../../arm-none-eabi/lib/thumb/v7-m/libc.a(lib_a-sprintf.o)
 .debug_abbrev  0x000000000000344e      0x1a7 /usr/lib/gcc/arm-none-eabi/7.3.1/../../../arm-none-eabi/lib/thumb/v7-m/libc.a(lib_a-strlen-stub.o)
 .debug_abbrev  0x00000000000035f5      0x399 /usr/lib/gcc/arm-none-eabi/7.3.1/../../../arm-none-eabi/lib/thumb/v7-m/libc.a(lib_a-svfprintf.o)
 .debug_abbrev  0x000000000000398e      0x212 /usr/lib/gcc/arm-none-eabi/7.3.1/../../../arm-none-eabi/lib/thumb/v7-m/libc.a(lib_a-__atexit.o)
 .debug_abbrev  0x0000000000003ba0      0x286 /usr/lib/gcc/arm-none-eabi/7.3.1/../../../arm-none-eabi/lib/thumb/v7-m/libc.a(lib_a-__call_atexit.o)
 .debug_abbrev  0x0000000000003e26      0x2d4 /usr/lib/gcc/arm-none-eabi/7.3.1/../../../arm-none-eabi/lib/thumb/v7-m/libc.a(lib_a-dtoa.o)
 .debug_abbrev  0x00000000000040fa      0x291 /usr/lib/gcc/arm-none-eabi/7.3.1/../../../arm-none-eabi/lib/thumb/v7-m/libc.a(lib_a-freer.o)
 .debug_abbrev  0x000000000000438b      0x29b /usr/lib/gcc/arm-none-eabi/7.3.1/../../../arm-none-eabi/lib/thumb/v7-m/libc.a(lib_a-locale.o)
 .debug_abbrev  0x0000000000004626      0x23e /usr/lib/gcc/arm-none-eabi/7.3.1/../../../arm-none-eabi/lib/thumb/v7-m/libc.a(lib_a-localeconv.o)
 .debug_abbrev  0x0000000000004864      0x2cd /usr/lib/gcc/arm-none-eabi/7.3.1/../../../arm-none-eabi/lib/thumb/v7-m/libc.a(lib_a-mallocr.o)
 .debug_abbrev  0x0000000000004b31      0x222 /usr/lib/gcc/arm-none-eabi/7.3.1/../../../arm-none-eabi/lib/thumb/v7-m/libc.a(lib_a-mbtowc_r.o)
 .debug_abbrev  0x0000000000004d53      0x1db /usr/lib/gcc/arm-none-eabi/7.3.1/../../../arm-none-eabi/lib/thumb/v7-m/libc.a(lib_a-memchr-stub.o)
 .debug_abbrev  0x0000000000004f2e       0x14 /usr/lib/gcc/arm-none-eabi/7.3.1/../../../arm-none-eabi/lib/thumb/v7-m/libc.a(lib_a-memcpy.o)
 .debug_abbrev  0x0000000000004f42      0x1e3 /usr/lib/gcc/arm-none-eabi/7.3.1/../../../arm-none-eabi/lib/thumb/v7-m/libc.a(lib_a-memmove.o)
 .debug_abbrev  0x0000000000005125      0x1d7 /usr/lib/gcc/arm-none-eabi/7.3.1/../../../arm-none-eabi/lib/thumb/v7-m/libc.a(lib_a-mlock.o)
 .debug_abbrev  0x00000000000052fc      0x3e1 /usr/lib/gcc/arm-none-eabi/7.3.1/../../../arm-none-eabi/lib/thumb/v7-m/libc.a(lib_a-mprec.o)
 .debug_abbrev  0x00000000000056dd      0x262 /usr/lib/gcc/arm-none-eabi/7.3.1/../../../arm-none-eabi/lib/thumb/v7-m/libc.a(lib_a-reallocr.o)
 .debug_abbrev  0x000000000000593f      0x215 /usr/lib/gcc/arm-none-eabi/7.3.1/../../../arm-none-eabi/lib/thumb/v7-m/libc.a(lib_a-sbrkr.o)
 .debug_abbrev  0x0000000000005b54      0x2fe /usr/lib/gcc/arm-none-eabi/7.3.1/../../../arm-none-eabi/lib/thumb/v7-m/libc.a(lib_a-svfiprintf.o)
 .debug_abbrev  0x0000000000005e52      0x21b /usr/lib/gcc/arm-none-eabi/7.3.1/../../../arm-none-eabi/lib/thumb/v7-m/libc.a(lib_a-wctomb_r.o)
 .debug_abbrev  0x000000000000606d      0x235 /usr/lib/gcc/arm-none-eabi/7.3.1/../../../arm-none-eabi/lib/thumb/v7-m/libc.a(lib_a-callocr.o)
 .debug_abbrev  0x00000000000062a2      0x190 /usr/lib/gcc/arm-none-eabi/7.3.1/../../../arm-none-eabi/lib/thumb/v7-m/libc.a(lib_a-ctype_.o)
 .debug_abbrev  0x0000000000006432      0x291 /usr/lib/gcc/arm-none-eabi/7.3.1/../../../arm-none-eabi/lib/thumb/v7-m/libc.a(lib_a-reent.o)
 .debug_abbrev  0x00000000000066c3       0x14 /usr/lib/gcc/arm-none-eabi/7.3.1/thumb/v7-m/libgcc.a(_arm_addsubdf3.o)
 .debug_abbrev  0x00000000000066d7       0x14 /usr/lib/gcc/arm-none-eabi/7.3.1/thumb/v7-m/libgcc.a(_arm_muldivdf3.o)
 .debug_abbrev  0x00000000000066eb       0x14 /usr/lib/gcc/arm-none-eabi/7.3.1/thumb/v7-m/libgcc.a(_arm_cmpdf2.o)
 .debug_abbrev  0x00000000000066ff       0x14 /usr/lib/gcc/arm-none-eabi/7.3.1/thumb/v7-m/libgcc.a(_arm_unorddf2.o)
 .debug_abbrev  0x0000000000006713       0x14 /usr/lib/gcc/arm-none-eabi/7.3.1/thumb/v7-m/libgcc.a(_arm_fixdfsi.o)

.debug_aranges  0x0000000000000000      0xc70
 .debug_aranges
                0x0000000000000000       0x40 app/src/rtos.o
 .debug_aranges
                0x0000000000000040       0xa8 app/src/lcd.o
 .debug_aranges
                0x00000000000000e8       0x58 app/src/rtos_task.o
 .debug_aranges
                0x0000000000000140       0x80 app/src/bord.o
 .debug_aranges
                0x00000000000001c0       0x28 app/src/main.o
 .debug_aranges
                0x00000000000001e8       0x28 app/src/uart_handler.o
 .debug_aranges
                0x0000000000000210       0x30 app/src/fifo.o
 .debug_aranges
                0x0000000000000240       0x30 asf/sam/utils/cmsis/sam3x/source/templates/system_sam3x.o
 .debug_aranges
                0x0000000000000270       0x20 asf/sam/utils/cmsis/sam3x/source/templates/exceptions.o
 .debug_aranges
                0x0000000000000290       0x20 asf/sam/utils/cmsis/sam3x/source/templates/gcc/startup_sam3x.o
 .debug_aranges
                0x00000000000002b0       0x98 asf/common/services/clock/sam3x/sysclk.o
 .debug_aranges
                0x0000000000000348       0x60 asf/sam/utils/syscalls/gcc/syscalls.o
 .debug_aranges
                0x00000000000003a8      0x200 asf/sam/drivers/pmc/pmc.o
 .debug_aranges
                0x00000000000005a8      0x148 asf/sam/drivers/pio/pio.o
 .debug_aranges
                0x00000000000006f0       0x20 asf/common/services/delay/sam/cycle_counter.o
 .debug_aranges
                0x0000000000000710       0xe8 asf/sam/drivers/uart/uart.o
 .debug_aranges
                0x00000000000007f8       0x20 /usr/lib/gcc/arm-none-eabi/7.3.1/thumb/v7-m/libgcc.a(_aeabi_uldivmod.o)
 .debug_aranges
                0x0000000000000818       0x20 /usr/lib/gcc/arm-none-eabi/7.3.1/thumb/v7-m/libgcc.a(_udivmoddi4.o)
 .debug_aranges
                0x0000000000000838       0x20 /usr/lib/gcc/arm-none-eabi/7.3.1/thumb/v7-m/libgcc.a(_dvmd_tls.o)
 .debug_aranges
                0x0000000000000858       0x20 /usr/lib/gcc/arm-none-eabi/7.3.1/../../../arm-none-eabi/lib/thumb/v7-m/libc.a(lib_a-atexit.o)
 .debug_aranges
                0x0000000000000878       0x20 /usr/lib/gcc/arm-none-eabi/7.3.1/../../../arm-none-eabi/lib/thumb/v7-m/libc.a(lib_a-fini.o)
 .debug_aranges
                0x0000000000000898       0x18 /usr/lib/gcc/arm-none-eabi/7.3.1/../../../arm-none-eabi/lib/thumb/v7-m/libc.a(lib_a-impure.o)
 .debug_aranges
                0x00000000000008b0       0x20 /usr/lib/gcc/arm-none-eabi/7.3.1/../../../arm-none-eabi/lib/thumb/v7-m/libc.a(lib_a-init.o)
 .debug_aranges
                0x00000000000008d0       0x20 /usr/lib/gcc/arm-none-eabi/7.3.1/../../../arm-none-eabi/lib/thumb/v7-m/libc.a(lib_a-memset.o)
 .debug_aranges
                0x00000000000008f0       0x20 /usr/lib/gcc/arm-none-eabi/7.3.1/../../../arm-none-eabi/lib/thumb/v7-m/libc.a(lib_a-sprintf.o)
 .debug_aranges
                0x0000000000000910       0x20 /usr/lib/gcc/arm-none-eabi/7.3.1/../../../arm-none-eabi/lib/thumb/v7-m/libc.a(lib_a-strlen-stub.o)
 .debug_aranges
                0x0000000000000930       0x20 /usr/lib/gcc/arm-none-eabi/7.3.1/../../../arm-none-eabi/lib/thumb/v7-m/libc.a(lib_a-svfprintf.o)
 .debug_aranges
                0x0000000000000950       0x20 /usr/lib/gcc/arm-none-eabi/7.3.1/../../../arm-none-eabi/lib/thumb/v7-m/libc.a(lib_a-__atexit.o)
 .debug_aranges
                0x0000000000000970       0x28 /usr/lib/gcc/arm-none-eabi/7.3.1/../../../arm-none-eabi/lib/thumb/v7-m/libc.a(lib_a-__call_atexit.o)
 .debug_aranges
                0x0000000000000998       0x20 /usr/lib/gcc/arm-none-eabi/7.3.1/../../../arm-none-eabi/lib/thumb/v7-m/libc.a(lib_a-dtoa.o)
 .debug_aranges
                0x00000000000009b8       0x20 /usr/lib/gcc/arm-none-eabi/7.3.1/../../../arm-none-eabi/lib/thumb/v7-m/libc.a(lib_a-freer.o)
 .debug_aranges
                0x00000000000009d8       0x20 /usr/lib/gcc/arm-none-eabi/7.3.1/../../../arm-none-eabi/lib/thumb/v7-m/libc.a(lib_a-locale.o)
 .debug_aranges
                0x00000000000009f8       0x20 /usr/lib/gcc/arm-none-eabi/7.3.1/../../../arm-none-eabi/lib/thumb/v7-m/libc.a(lib_a-localeconv.o)
 .debug_aranges
                0x0000000000000a18       0x20 /usr/lib/gcc/arm-none-eabi/7.3.1/../../../arm-none-eabi/lib/thumb/v7-m/libc.a(lib_a-mallocr.o)
 .debug_aranges
                0x0000000000000a38       0x20 /usr/lib/gcc/arm-none-eabi/7.3.1/../../../arm-none-eabi/lib/thumb/v7-m/libc.a(lib_a-mbtowc_r.o)
 .debug_aranges
                0x0000000000000a58       0x20 /usr/lib/gcc/arm-none-eabi/7.3.1/../../../arm-none-eabi/lib/thumb/v7-m/libc.a(lib_a-memchr-stub.o)
 .debug_aranges
                0x0000000000000a78       0x20 /usr/lib/gcc/arm-none-eabi/7.3.1/../../../arm-none-eabi/lib/thumb/v7-m/libc.a(lib_a-memcpy.o)
 .debug_aranges
                0x0000000000000a98       0x20 /usr/lib/gcc/arm-none-eabi/7.3.1/../../../arm-none-eabi/lib/thumb/v7-m/libc.a(lib_a-memmove.o)
 .debug_aranges
                0x0000000000000ab8       0x20 /usr/lib/gcc/arm-none-eabi/7.3.1/../../../arm-none-eabi/lib/thumb/v7-m/libc.a(lib_a-mlock.o)
 .debug_aranges
                0x0000000000000ad8       0x20 /usr/lib/gcc/arm-none-eabi/7.3.1/../../../arm-none-eabi/lib/thumb/v7-m/libc.a(lib_a-mprec.o)
 .debug_aranges
                0x0000000000000af8       0x20 /usr/lib/gcc/arm-none-eabi/7.3.1/../../../arm-none-eabi/lib/thumb/v7-m/libc.a(lib_a-reallocr.o)
 .debug_aranges
                0x0000000000000b18       0x20 /usr/lib/gcc/arm-none-eabi/7.3.1/../../../arm-none-eabi/lib/thumb/v7-m/libc.a(lib_a-sbrkr.o)
 .debug_aranges
                0x0000000000000b38       0x20 /usr/lib/gcc/arm-none-eabi/7.3.1/../../../arm-none-eabi/lib/thumb/v7-m/libc.a(lib_a-svfiprintf.o)
 .debug_aranges
                0x0000000000000b58       0x20 /usr/lib/gcc/arm-none-eabi/7.3.1/../../../arm-none-eabi/lib/thumb/v7-m/libc.a(lib_a-wctomb_r.o)
 .debug_aranges
                0x0000000000000b78       0x20 /usr/lib/gcc/arm-none-eabi/7.3.1/../../../arm-none-eabi/lib/thumb/v7-m/libc.a(lib_a-callocr.o)
 .debug_aranges
                0x0000000000000b98       0x18 /usr/lib/gcc/arm-none-eabi/7.3.1/../../../arm-none-eabi/lib/thumb/v7-m/libc.a(lib_a-ctype_.o)
 .debug_aranges
                0x0000000000000bb0       0x20 /usr/lib/gcc/arm-none-eabi/7.3.1/../../../arm-none-eabi/lib/thumb/v7-m/libc.a(lib_a-reent.o)
 .debug_aranges
                0x0000000000000bd0       0x20 /usr/lib/gcc/arm-none-eabi/7.3.1/thumb/v7-m/libgcc.a(_arm_addsubdf3.o)
 .debug_aranges
                0x0000000000000bf0       0x20 /usr/lib/gcc/arm-none-eabi/7.3.1/thumb/v7-m/libgcc.a(_arm_muldivdf3.o)
 .debug_aranges
                0x0000000000000c10       0x20 /usr/lib/gcc/arm-none-eabi/7.3.1/thumb/v7-m/libgcc.a(_arm_cmpdf2.o)
 .debug_aranges
                0x0000000000000c30       0x20 /usr/lib/gcc/arm-none-eabi/7.3.1/thumb/v7-m/libgcc.a(_arm_unorddf2.o)
 .debug_aranges
                0x0000000000000c50       0x20 /usr/lib/gcc/arm-none-eabi/7.3.1/thumb/v7-m/libgcc.a(_arm_fixdfsi.o)

.debug_ranges   0x0000000000000000      0xd18
 .debug_ranges  0x0000000000000000       0x30 app/src/rtos.o
 .debug_ranges  0x0000000000000030       0xb0 app/src/lcd.o
 .debug_ranges  0x00000000000000e0       0x78 app/src/rtos_task.o
 .debug_ranges  0x0000000000000158       0xb8 app/src/bord.o
 .debug_ranges  0x0000000000000210       0x18 app/src/main.o
 .debug_ranges  0x0000000000000228       0x18 app/src/uart_handler.o
 .debug_ranges  0x0000000000000240       0x20 app/src/fifo.o
 .debug_ranges  0x0000000000000260       0x20 asf/sam/utils/cmsis/sam3x/source/templates/system_sam3x.o
 .debug_ranges  0x0000000000000280       0x10 asf/sam/utils/cmsis/sam3x/source/templates/exceptions.o
 .debug_ranges  0x0000000000000290       0x10 asf/sam/utils/cmsis/sam3x/source/templates/gcc/startup_sam3x.o
 .debug_ranges  0x00000000000002a0       0x88 asf/common/services/clock/sam3x/sysclk.o
 .debug_ranges  0x0000000000000328       0x50 asf/sam/utils/syscalls/gcc/syscalls.o
 .debug_ranges  0x0000000000000378      0x1f0 asf/sam/drivers/pmc/pmc.o
 .debug_ranges  0x0000000000000568      0x138 asf/sam/drivers/pio/pio.o
 .debug_ranges  0x00000000000006a0       0x10 asf/common/services/delay/sam/cycle_counter.o
 .debug_ranges  0x00000000000006b0       0xd8 asf/sam/drivers/uart/uart.o
 .debug_ranges  0x0000000000000788       0xf8 /usr/lib/gcc/arm-none-eabi/7.3.1/thumb/v7-m/libgcc.a(_udivmoddi4.o)
 .debug_ranges  0x0000000000000880       0x10 /usr/lib/gcc/arm-none-eabi/7.3.1/../../../arm-none-eabi/lib/thumb/v7-m/libc.a(lib_a-strlen-stub.o)
 .debug_ranges  0x0000000000000890      0x180 /usr/lib/gcc/arm-none-eabi/7.3.1/../../../arm-none-eabi/lib/thumb/v7-m/libc.a(lib_a-svfprintf.o)
 .debug_ranges  0x0000000000000a10       0x40 /usr/lib/gcc/arm-none-eabi/7.3.1/../../../arm-none-eabi/lib/thumb/v7-m/libc.a(lib_a-__call_atexit.o)
 .debug_ranges  0x0000000000000a50       0x20 /usr/lib/gcc/arm-none-eabi/7.3.1/../../../arm-none-eabi/lib/thumb/v7-m/libc.a(lib_a-locale.o)
 .debug_ranges  0x0000000000000a70       0x40 /usr/lib/gcc/arm-none-eabi/7.3.1/../../../arm-none-eabi/lib/thumb/v7-m/libc.a(lib_a-mallocr.o)
 .debug_ranges  0x0000000000000ab0       0x88 /usr/lib/gcc/arm-none-eabi/7.3.1/../../../arm-none-eabi/lib/thumb/v7-m/libc.a(lib_a-mprec.o)
 .debug_ranges  0x0000000000000b38      0x130 /usr/lib/gcc/arm-none-eabi/7.3.1/../../../arm-none-eabi/lib/thumb/v7-m/libc.a(lib_a-reallocr.o)
 .debug_ranges  0x0000000000000c68       0x58 /usr/lib/gcc/arm-none-eabi/7.3.1/../../../arm-none-eabi/lib/thumb/v7-m/libc.a(lib_a-svfiprintf.o)
 .debug_ranges  0x0000000000000cc0       0x58 /usr/lib/gcc/arm-none-eabi/7.3.1/../../../arm-none-eabi/lib/thumb/v7-m/libc.a(lib_a-callocr.o)

.debug_macro    0x0000000000000000    0x18c32
 .debug_macro   0x0000000000000000      0x673 app/src/rtos.o
 .debug_macro   0x0000000000000673      0xa6c app/src/rtos.o
 .debug_macro   0x00000000000010df       0x22 app/src/rtos.o
 .debug_macro   0x0000000000001101       0x8e app/src/rtos.o
 .debug_macro   0x000000000000118f       0x51 app/src/rtos.o
 .debug_macro   0x00000000000011e0       0xef app/src/rtos.o
 .debug_macro   0x00000000000012cf       0x6a app/src/rtos.o
 .debug_macro   0x0000000000001339      0x1df app/src/rtos.o
 .debug_macro   0x0000000000001518       0x20 app/src/rtos.o
 .debug_macro   0x0000000000001538       0x3a app/src/rtos.o
 .debug_macro   0x0000000000001572       0x2d app/src/rtos.o
 .debug_macro   0x000000000000159f      0xbb1 app/src/rtos.o
 .debug_macro   0x0000000000002150      0x16d app/src/rtos.o
 .debug_macro   0x00000000000022bd      0x652 app/src/rtos.o
 .debug_macro   0x000000000000290f       0x76 app/src/rtos.o
 .debug_macro   0x0000000000002985       0x16 app/src/rtos.o
 .debug_macro   0x000000000000299b      0x6e4 app/src/rtos.o
 .debug_macro   0x000000000000307f       0x52 app/src/rtos.o
 .debug_macro   0x00000000000030d1       0x18 app/src/rtos.o
 .debug_macro   0x00000000000030e9       0x35 app/src/rtos.o
 .debug_macro   0x000000000000311e       0x34 app/src/rtos.o
 .debug_macro   0x0000000000003152       0x16 app/src/rtos.o
 .debug_macro   0x0000000000003168       0x35 app/src/rtos.o
 .debug_macro   0x000000000000319d      0x35c app/src/rtos.o
 .debug_macro   0x00000000000034f9       0x10 app/src/rtos.o
 .debug_macro   0x0000000000003509       0x52 app/src/rtos.o
 .debug_macro   0x000000000000355b       0x1f app/src/rtos.o
 .debug_macro   0x000000000000357a       0x43 app/src/rtos.o
 .debug_macro   0x00000000000035bd       0x20 app/src/rtos.o
 .debug_macro   0x00000000000035dd      0x18e app/src/rtos.o
 .debug_macro   0x000000000000376b       0x10 app/src/rtos.o
 .debug_macro   0x000000000000377b       0x1c app/src/rtos.o
 .debug_macro   0x0000000000003797       0x52 app/src/rtos.o
 .debug_macro   0x00000000000037e9       0x40 app/src/rtos.o
 .debug_macro   0x0000000000003829       0x10 app/src/rtos.o
 .debug_macro   0x0000000000003839       0x40 app/src/rtos.o
 .debug_macro   0x0000000000003879       0xd7 app/src/rtos.o
 .debug_macro   0x0000000000003950       0x1c app/src/rtos.o
 .debug_macro   0x000000000000396c       0x3d app/src/rtos.o
 .debug_macro   0x00000000000039a9       0x16 app/src/rtos.o
 .debug_macro   0x00000000000039bf      0x16f app/src/rtos.o
 .debug_macro   0x0000000000003b2e       0x22 app/src/rtos.o
 .debug_macro   0x0000000000003b50       0x16 app/src/rtos.o
 .debug_macro   0x0000000000003b66       0x16 app/src/rtos.o
 .debug_macro   0x0000000000003b7c       0x29 app/src/rtos.o
 .debug_macro   0x0000000000003ba5       0x75 app/src/rtos.o
 .debug_macro   0x0000000000003c1a       0x3f app/src/rtos.o
 .debug_macro   0x0000000000003c59      0x3ca app/src/rtos.o
 .debug_macro   0x0000000000004023      0xab6 app/src/rtos.o
 .debug_macro   0x0000000000004ad9      0x569 app/src/rtos.o
 .debug_macro   0x0000000000005042      0x2b5 app/src/rtos.o
 .debug_macro   0x00000000000052f7      0x31a app/src/rtos.o
 .debug_macro   0x0000000000005611      0x74f app/src/rtos.o
 .debug_macro   0x0000000000005d60       0x82 app/src/rtos.o
 .debug_macro   0x0000000000005de2      0x57b app/src/rtos.o
 .debug_macro   0x000000000000635d       0x1c app/src/rtos.o
 .debug_macro   0x0000000000006379      0x6b7 app/src/rtos.o
 .debug_macro   0x0000000000006a30      0x52d app/src/rtos.o
 .debug_macro   0x0000000000006f5d       0xbe app/src/rtos.o
 .debug_macro   0x000000000000701b     0x2342 app/src/rtos.o
 .debug_macro   0x000000000000935d      0x85d app/src/rtos.o
 .debug_macro   0x0000000000009bba      0xdc9 app/src/rtos.o
 .debug_macro   0x000000000000a983       0x7c app/src/rtos.o
 .debug_macro   0x000000000000a9ff      0x263 app/src/rtos.o
 .debug_macro   0x000000000000ac62       0x58 app/src/rtos.o
 .debug_macro   0x000000000000acba      0x9a7 app/src/rtos.o
 .debug_macro   0x000000000000b661      0x248 app/src/rtos.o
 .debug_macro   0x000000000000b8a9      0x4df app/src/rtos.o
 .debug_macro   0x000000000000bd88      0x6b3 app/src/rtos.o
 .debug_macro   0x000000000000c43b      0x59f app/src/rtos.o
 .debug_macro   0x000000000000c9da       0x46 app/src/rtos.o
 .debug_macro   0x000000000000ca20      0x34d app/src/rtos.o
 .debug_macro   0x000000000000cd6d      0x28c app/src/rtos.o
 .debug_macro   0x000000000000cff9     0x14d7 app/src/rtos.o
 .debug_macro   0x000000000000e4d0      0x7ba app/src/rtos.o
 .debug_macro   0x000000000000ec8a       0x76 app/src/rtos.o
 .debug_macro   0x000000000000ed00       0x82 app/src/rtos.o
 .debug_macro   0x000000000000ed82       0x76 app/src/rtos.o
 .debug_macro   0x000000000000edf8       0x4c app/src/rtos.o
 .debug_macro   0x000000000000ee44      0x105 app/src/rtos.o
 .debug_macro   0x000000000000ef49      0x105 app/src/rtos.o
 .debug_macro   0x000000000000f04e      0x105 app/src/rtos.o
 .debug_macro   0x000000000000f153       0x88 app/src/rtos.o
 .debug_macro   0x000000000000f1db       0x88 app/src/rtos.o
 .debug_macro   0x000000000000f263      0x3b4 app/src/rtos.o
 .debug_macro   0x000000000000f617       0xb8 app/src/rtos.o
 .debug_macro   0x000000000000f6cf       0xb8 app/src/rtos.o
 .debug_macro   0x000000000000f787       0xb8 app/src/rtos.o
 .debug_macro   0x000000000000f83f       0xb8 app/src/rtos.o
 .debug_macro   0x000000000000f8f7      0x2b8 app/src/rtos.o
 .debug_macro   0x000000000000fbaf      0x125 app/src/rtos.o
 .debug_macro   0x000000000000fcd4      0x225 app/src/rtos.o
 .debug_macro   0x000000000000fef9      0x225 app/src/rtos.o
 .debug_macro   0x000000000001011e       0x2e app/src/rtos.o
 .debug_macro   0x000000000001014c       0xac app/src/rtos.o
 .debug_macro   0x00000000000101f8      0x14d app/src/rtos.o
 .debug_macro   0x0000000000010345       0x7c app/src/rtos.o
 .debug_macro   0x00000000000103c1      0x205 app/src/rtos.o
 .debug_macro   0x00000000000105c6       0x64 app/src/rtos.o
 .debug_macro   0x000000000001062a       0xa6 app/src/rtos.o
 .debug_macro   0x00000000000106d0       0x7c app/src/rtos.o
 .debug_macro   0x000000000001074c       0x16 app/src/rtos.o
 .debug_macro   0x0000000000010762       0x22 app/src/rtos.o
 .debug_macro   0x0000000000010784       0x22 app/src/rtos.o
 .debug_macro   0x00000000000107a6      0x115 app/src/rtos.o
 .debug_macro   0x00000000000108bb      0x115 app/src/rtos.o
 .debug_macro   0x00000000000109d0      0x115 app/src/rtos.o
 .debug_macro   0x0000000000010ae5      0x115 app/src/rtos.o
 .debug_macro   0x0000000000010bfa       0x1c app/src/rtos.o
 .debug_macro   0x0000000000010c16       0x2e app/src/rtos.o
 .debug_macro   0x0000000000010c44       0x22 app/src/rtos.o
 .debug_macro   0x0000000000010c66       0x1c app/src/rtos.o
 .debug_macro   0x0000000000010c82       0x58 app/src/rtos.o
 .debug_macro   0x0000000000010cda       0x10 app/src/rtos.o
 .debug_macro   0x0000000000010cea      0x273 app/src/rtos.o
 .debug_macro   0x0000000000010f5d      0xd43 app/src/rtos.o
 .debug_macro   0x0000000000011ca0      0x131 app/src/rtos.o
 .debug_macro   0x0000000000011dd1       0x94 app/src/rtos.o
 .debug_macro   0x0000000000011e65       0x34 app/src/rtos.o
 .debug_macro   0x0000000000011e99      0x2bf app/src/rtos.o
 .debug_macro   0x0000000000012158      0x790 app/src/rtos.o
 .debug_macro   0x00000000000128e8       0x5e app/src/rtos.o
 .debug_macro   0x0000000000012946       0x64 app/src/rtos.o
 .debug_macro   0x00000000000129aa       0x5f app/src/rtos.o
 .debug_macro   0x0000000000012a09       0x90 app/src/rtos.o
 .debug_macro   0x0000000000012a99       0x6a app/src/rtos.o
 .debug_macro   0x0000000000012b03       0x28 app/src/rtos.o
 .debug_macro   0x0000000000012b2b       0x23 app/src/rtos.o
 .debug_macro   0x0000000000012b4e       0x22 app/src/rtos.o
 .debug_macro   0x0000000000012b70       0x1c app/src/rtos.o
 .debug_macro   0x0000000000012b8c       0x9a app/src/rtos.o
 .debug_macro   0x0000000000012c26      0x61f app/src/lcd.o
 .debug_macro   0x0000000000013245       0x45 app/src/lcd.o
 .debug_macro   0x000000000001328a      0x2b9 app/src/lcd.o
 .debug_macro   0x0000000000013543       0x70 app/src/lcd.o
 .debug_macro   0x00000000000135b3       0xd6 app/src/lcd.o
 .debug_macro   0x0000000000013689      0x6ba app/src/rtos_task.o
 .debug_macro   0x0000000000013d43       0xdc app/src/rtos_task.o
 .debug_macro   0x0000000000013e1f       0x10 app/src/rtos_task.o
 .debug_macro   0x0000000000013e2f       0x16 app/src/rtos_task.o
 .debug_macro   0x0000000000013e45      0x662 app/src/bord.o
 .debug_macro   0x00000000000144a7      0x6c7 app/src/main.o
 .debug_macro   0x0000000000014b6e      0x687 app/src/uart_handler.o
 .debug_macro   0x00000000000151f5      0x669 app/src/fifo.o
 .debug_macro   0x000000000001585e      0x57f asf/sam/utils/cmsis/sam3x/source/templates/system_sam3x.o
 .debug_macro   0x0000000000015ddd       0x26 asf/sam/utils/cmsis/sam3x/source/templates/system_sam3x.o
 .debug_macro   0x0000000000015e03      0x571 asf/sam/utils/cmsis/sam3x/source/templates/exceptions.o
 .debug_macro   0x0000000000016374      0x57f asf/sam/utils/cmsis/sam3x/source/templates/gcc/startup_sam3x.o
 .debug_macro   0x00000000000168f3      0x5df asf/common/services/clock/sam3x/sysclk.o
 .debug_macro   0x0000000000016ed2      0x1e3 asf/sam/utils/syscalls/gcc/syscalls.o
 .debug_macro   0x00000000000170b5       0x4c asf/sam/utils/syscalls/gcc/syscalls.o
 .debug_macro   0x0000000000017101       0x94 asf/sam/utils/syscalls/gcc/syscalls.o
 .debug_macro   0x0000000000017195       0x57 asf/sam/utils/syscalls/gcc/syscalls.o
 .debug_macro   0x00000000000171ec       0x97 asf/sam/utils/syscalls/gcc/syscalls.o
 .debug_macro   0x0000000000017283       0xf6 asf/sam/utils/syscalls/gcc/syscalls.o
 .debug_macro   0x0000000000017379       0x4c asf/sam/utils/syscalls/gcc/syscalls.o
 .debug_macro   0x00000000000173c5       0x16 asf/sam/utils/syscalls/gcc/syscalls.o
 .debug_macro   0x00000000000173db       0x10 asf/sam/utils/syscalls/gcc/syscalls.o
 .debug_macro   0x00000000000173eb       0x10 asf/sam/utils/syscalls/gcc/syscalls.o
 .debug_macro   0x00000000000173fb       0x35 asf/sam/utils/syscalls/gcc/syscalls.o
 .debug_macro   0x0000000000017430      0x122 asf/sam/utils/syscalls/gcc/syscalls.o
 .debug_macro   0x0000000000017552      0x572 asf/sam/drivers/pmc/pmc.o
 .debug_macro   0x0000000000017ac4       0x58 asf/sam/drivers/pmc/pmc.o
 .debug_macro   0x0000000000017b1c      0x578 asf/sam/drivers/pio/pio.o
 .debug_macro   0x0000000000018094       0x8e asf/sam/drivers/pio/pio.o
 .debug_macro   0x0000000000018122      0x56c asf/common/services/delay/sam/cycle_counter.o
 .debug_macro   0x000000000001868e       0x22 asf/common/services/delay/sam/cycle_counter.o
 .debug_macro   0x00000000000186b0      0x56c asf/sam/drivers/uart/uart.o
 .debug_macro   0x0000000000018c1c       0x16 asf/sam/drivers/uart/uart.o

.debug_line     0x0000000000000000    0x10514
 .debug_line    0x0000000000000000      0xcba app/src/rtos.o
 .debug_line    0x0000000000000cba      0xe48 app/src/lcd.o
 .debug_line    0x0000000000001b02      0xdf6 app/src/rtos_task.o
 .debug_line    0x00000000000028f8      0xe4b app/src/bord.o
 .debug_line    0x0000000000003743      0xc98 app/src/main.o
 .debug_line    0x00000000000043db      0xc85 app/src/uart_handler.o
 .debug_line    0x0000000000005060      0xcbc app/src/fifo.o
 .debug_line    0x0000000000005d1c      0xab8 asf/sam/utils/cmsis/sam3x/source/templates/system_sam3x.o
 .debug_line    0x00000000000067d4      0xa06 asf/sam/utils/cmsis/sam3x/source/templates/exceptions.o
 .debug_line    0x00000000000071da      0xa26 asf/sam/utils/cmsis/sam3x/source/templates/gcc/startup_sam3x.o
 .debug_line    0x0000000000007c00      0xc8a asf/common/services/clock/sam3x/sysclk.o
 .debug_line    0x000000000000888a      0x2fa asf/sam/utils/syscalls/gcc/syscalls.o
 .debug_line    0x0000000000008b84      0xff5 asf/sam/drivers/pmc/pmc.o
 .debug_line    0x0000000000009b79      0xd15 asf/sam/drivers/pio/pio.o
 .debug_line    0x000000000000a88e      0x9fb asf/common/services/delay/sam/cycle_counter.o
 .debug_line    0x000000000000b289      0xbbd asf/sam/drivers/uart/uart.o
 .debug_line    0x000000000000be46       0x5d /usr/lib/gcc/arm-none-eabi/7.3.1/thumb/v7-m/libgcc.a(_aeabi_uldivmod.o)
 .debug_line    0x000000000000bea3      0x24f /usr/lib/gcc/arm-none-eabi/7.3.1/thumb/v7-m/libgcc.a(_udivmoddi4.o)
 .debug_line    0x000000000000c0f2       0x5d /usr/lib/gcc/arm-none-eabi/7.3.1/thumb/v7-m/libgcc.a(_dvmd_tls.o)
 .debug_line    0x000000000000c14f      0x127 /usr/lib/gcc/arm-none-eabi/7.3.1/../../../arm-none-eabi/lib/thumb/v7-m/libc.a(lib_a-atexit.o)
 .debug_line    0x000000000000c276       0x9f /usr/lib/gcc/arm-none-eabi/7.3.1/../../../arm-none-eabi/lib/thumb/v7-m/libc.a(lib_a-fini.o)
 .debug_line    0x000000000000c315       0xd4 /usr/lib/gcc/arm-none-eabi/7.3.1/../../../arm-none-eabi/lib/thumb/v7-m/libc.a(lib_a-impure.o)
 .debug_line    0x000000000000c3e9       0xba /usr/lib/gcc/arm-none-eabi/7.3.1/../../../arm-none-eabi/lib/thumb/v7-m/libc.a(lib_a-init.o)
 .debug_line    0x000000000000c4a3      0x1b8 /usr/lib/gcc/arm-none-eabi/7.3.1/../../../arm-none-eabi/lib/thumb/v7-m/libc.a(lib_a-memset.o)
 .debug_line    0x000000000000c65b      0x177 /usr/lib/gcc/arm-none-eabi/7.3.1/../../../arm-none-eabi/lib/thumb/v7-m/libc.a(lib_a-sprintf.o)
 .debug_line    0x000000000000c7d2      0x128 /usr/lib/gcc/arm-none-eabi/7.3.1/../../../arm-none-eabi/lib/thumb/v7-m/libc.a(lib_a-strlen-stub.o)
 .debug_line    0x000000000000c8fa      0x94e /usr/lib/gcc/arm-none-eabi/7.3.1/../../../arm-none-eabi/lib/thumb/v7-m/libc.a(lib_a-svfprintf.o)
 .debug_line    0x000000000000d248      0x147 /usr/lib/gcc/arm-none-eabi/7.3.1/../../../arm-none-eabi/lib/thumb/v7-m/libc.a(lib_a-__atexit.o)
 .debug_line    0x000000000000d38f      0x175 /usr/lib/gcc/arm-none-eabi/7.3.1/../../../arm-none-eabi/lib/thumb/v7-m/libc.a(lib_a-__call_atexit.o)
 .debug_line    0x000000000000d504      0x6c1 /usr/lib/gcc/arm-none-eabi/7.3.1/../../../arm-none-eabi/lib/thumb/v7-m/libc.a(lib_a-dtoa.o)
 .debug_line    0x000000000000dbc5      0x25f /usr/lib/gcc/arm-none-eabi/7.3.1/../../../arm-none-eabi/lib/thumb/v7-m/libc.a(lib_a-freer.o)
 .debug_line    0x000000000000de24      0x1c8 /usr/lib/gcc/arm-none-eabi/7.3.1/../../../arm-none-eabi/lib/thumb/v7-m/libc.a(lib_a-locale.o)
 .debug_line    0x000000000000dfec      0x149 /usr/lib/gcc/arm-none-eabi/7.3.1/../../../arm-none-eabi/lib/thumb/v7-m/libc.a(lib_a-localeconv.o)
 .debug_line    0x000000000000e135      0x378 /usr/lib/gcc/arm-none-eabi/7.3.1/../../../arm-none-eabi/lib/thumb/v7-m/libc.a(lib_a-mallocr.o)
 .debug_line    0x000000000000e4ad      0x1a3 /usr/lib/gcc/arm-none-eabi/7.3.1/../../../arm-none-eabi/lib/thumb/v7-m/libc.a(lib_a-mbtowc_r.o)
 .debug_line    0x000000000000e650      0x15e /usr/lib/gcc/arm-none-eabi/7.3.1/../../../arm-none-eabi/lib/thumb/v7-m/libc.a(lib_a-memchr-stub.o)
 .debug_line    0x000000000000e7ae       0xbe /usr/lib/gcc/arm-none-eabi/7.3.1/../../../arm-none-eabi/lib/thumb/v7-m/libc.a(lib_a-memcpy.o)
 .debug_line    0x000000000000e86c      0x1c7 /usr/lib/gcc/arm-none-eabi/7.3.1/../../../arm-none-eabi/lib/thumb/v7-m/libc.a(lib_a-memmove.o)
 .debug_line    0x000000000000ea33      0x11a /usr/lib/gcc/arm-none-eabi/7.3.1/../../../arm-none-eabi/lib/thumb/v7-m/libc.a(lib_a-mlock.o)
 .debug_line    0x000000000000eb4d      0x5f4 /usr/lib/gcc/arm-none-eabi/7.3.1/../../../arm-none-eabi/lib/thumb/v7-m/libc.a(lib_a-mprec.o)
 .debug_line    0x000000000000f141      0x261 /usr/lib/gcc/arm-none-eabi/7.3.1/../../../arm-none-eabi/lib/thumb/v7-m/libc.a(lib_a-reallocr.o)
 .debug_line    0x000000000000f3a2      0x130 /usr/lib/gcc/arm-none-eabi/7.3.1/../../../arm-none-eabi/lib/thumb/v7-m/libc.a(lib_a-sbrkr.o)
 .debug_line    0x000000000000f4d2      0x62d /usr/lib/gcc/arm-none-eabi/7.3.1/../../../arm-none-eabi/lib/thumb/v7-m/libc.a(lib_a-svfiprintf.o)
 .debug_line    0x000000000000faff      0x199 /usr/lib/gcc/arm-none-eabi/7.3.1/../../../arm-none-eabi/lib/thumb/v7-m/libc.a(lib_a-wctomb_r.o)
 .debug_line    0x000000000000fc98      0x138 /usr/lib/gcc/arm-none-eabi/7.3.1/../../../arm-none-eabi/lib/thumb/v7-m/libc.a(lib_a-callocr.o)
 .debug_line    0x000000000000fdd0      0x139 /usr/lib/gcc/arm-none-eabi/7.3.1/../../../arm-none-eabi/lib/thumb/v7-m/libc.a(lib_a-ctype_.o)
 .debug_line    0x000000000000ff09      0x153 /usr/lib/gcc/arm-none-eabi/7.3.1/../../../arm-none-eabi/lib/thumb/v7-m/libc.a(lib_a-reent.o)
 .debug_line    0x000000000001005c      0x182 /usr/lib/gcc/arm-none-eabi/7.3.1/thumb/v7-m/libgcc.a(_arm_addsubdf3.o)
 .debug_line    0x00000000000101de      0x19b /usr/lib/gcc/arm-none-eabi/7.3.1/thumb/v7-m/libgcc.a(_arm_muldivdf3.o)
 .debug_line    0x0000000000010379       0xba /usr/lib/gcc/arm-none-eabi/7.3.1/thumb/v7-m/libgcc.a(_arm_cmpdf2.o)
 .debug_line    0x0000000000010433       0x6b /usr/lib/gcc/arm-none-eabi/7.3.1/thumb/v7-m/libgcc.a(_arm_unorddf2.o)
 .debug_line    0x000000000001049e       0x76 /usr/lib/gcc/arm-none-eabi/7.3.1/thumb/v7-m/libgcc.a(_arm_fixdfsi.o)

.debug_str      0x0000000000000000    0x666a0
 .debug_str     0x0000000000000000    0x6143e app/src/rtos.o
                                      0x6181c (size before relaxing)
 .debug_str     0x000000000006143e      0x70d app/src/lcd.o
                                      0x6161f (size before relaxing)
 .debug_str     0x0000000000061b4b      0x243 app/src/rtos_task.o
                                      0x61c6f (size before relaxing)
 .debug_str     0x0000000000061d8e      0x632 app/src/bord.o
                                      0x61e8a (size before relaxing)
 .debug_str     0x00000000000623c0       0x38 app/src/main.o
                                      0x61a5e (size before relaxing)
 .debug_str     0x00000000000623f8      0x118 app/src/uart_handler.o
                                      0x61b4b (size before relaxing)
 .debug_str     0x0000000000062510       0x57 app/src/fifo.o
                                      0x613a6 (size before relaxing)
 .debug_str     0x0000000000062567      0x2dd asf/sam/utils/cmsis/sam3x/source/templates/system_sam3x.o
                                      0x5d0a0 (size before relaxing)
 .debug_str     0x0000000000062844       0x46 asf/sam/utils/cmsis/sam3x/source/templates/exceptions.o
                                      0x5cdc8 (size before relaxing)
 .debug_str     0x000000000006288a       0xbb asf/sam/utils/cmsis/sam3x/source/templates/gcc/startup_sam3x.o
                                      0x5cead (size before relaxing)
 .debug_str     0x0000000000062945      0x147 asf/common/services/clock/sam3x/sysclk.o
                                      0x60d27 (size before relaxing)
 .debug_str     0x0000000000062a8c      0x769 asf/sam/utils/syscalls/gcc/syscalls.o
                                       0x7a8e (size before relaxing)
 .debug_str     0x00000000000631f5      0x660 asf/sam/drivers/pmc/pmc.o
                                      0x5d7c9 (size before relaxing)
 .debug_str     0x0000000000063855      0x41a asf/sam/drivers/pio/pio.o
                                      0x5d753 (size before relaxing)
 .debug_str     0x0000000000063c6f       0x2e asf/common/services/delay/sam/cycle_counter.o
                                      0x5cf23 (size before relaxing)
 .debug_str     0x0000000000063c9d      0x1fc asf/sam/drivers/uart/uart.o
                                      0x5d174 (size before relaxing)
 .debug_str     0x0000000000063e99       0x73 /usr/lib/gcc/arm-none-eabi/7.3.1/thumb/v7-m/libgcc.a(_aeabi_uldivmod.o)
 .debug_str     0x0000000000063f0c     0x130e /usr/lib/gcc/arm-none-eabi/7.3.1/thumb/v7-m/libgcc.a(_udivmoddi4.o)
                                       0x13e9 (size before relaxing)
 .debug_str     0x000000000006521a       0x2d /usr/lib/gcc/arm-none-eabi/7.3.1/thumb/v7-m/libgcc.a(_dvmd_tls.o)
                                         0x77 (size before relaxing)
 .debug_str     0x0000000000065247      0x148 /usr/lib/gcc/arm-none-eabi/7.3.1/../../../arm-none-eabi/lib/thumb/v7-m/libc.a(lib_a-atexit.o)
                                        0x5cd (size before relaxing)
 .debug_str     0x000000000006538f       0xa9 /usr/lib/gcc/arm-none-eabi/7.3.1/../../../arm-none-eabi/lib/thumb/v7-m/libc.a(lib_a-fini.o)
                                        0x1dc (size before relaxing)
 .debug_str     0x0000000000065438       0x83 /usr/lib/gcc/arm-none-eabi/7.3.1/../../../arm-none-eabi/lib/thumb/v7-m/libc.a(lib_a-impure.o)
                                        0x582 (size before relaxing)
 .debug_str     0x00000000000654bb       0x8d /usr/lib/gcc/arm-none-eabi/7.3.1/../../../arm-none-eabi/lib/thumb/v7-m/libc.a(lib_a-init.o)
                                        0x206 (size before relaxing)
 .debug_str     0x0000000000065548      0x2de /usr/lib/gcc/arm-none-eabi/7.3.1/../../../arm-none-eabi/lib/thumb/v7-m/libc.a(lib_a-memset.o)
                                        0x8af (size before relaxing)
 .debug_str     0x0000000000065826      0x1bd /usr/lib/gcc/arm-none-eabi/7.3.1/../../../arm-none-eabi/lib/thumb/v7-m/libc.a(lib_a-sprintf.o)
                                        0x6fd (size before relaxing)
 .debug_str     0x00000000000659e3       0x92 /usr/lib/gcc/arm-none-eabi/7.3.1/../../../arm-none-eabi/lib/thumb/v7-m/libc.a(lib_a-strlen-stub.o)
                                        0x598 (size before relaxing)
 .debug_str     0x0000000000065a75      0x239 /usr/lib/gcc/arm-none-eabi/7.3.1/../../../arm-none-eabi/lib/thumb/v7-m/libc.a(lib_a-svfprintf.o)
                                        0xc6a (size before relaxing)
 .debug_str     0x0000000000065cae       0x4c /usr/lib/gcc/arm-none-eabi/7.3.1/../../../arm-none-eabi/lib/thumb/v7-m/libc.a(lib_a-__atexit.o)
                                        0x5eb (size before relaxing)
 .debug_str     0x0000000000065cfa       0x71 /usr/lib/gcc/arm-none-eabi/7.3.1/../../../arm-none-eabi/lib/thumb/v7-m/libc.a(lib_a-__call_atexit.o)
                                        0x5fe (size before relaxing)